Archive member included to satisfy reference by file (symbol)

e:/paopaozhipath/gcc-arm-none-eabi-10.3-2021.10/bin/../lib/gcc/arm-none-eabi/10.3.1/../../../../arm-none-eabi/lib/thumb/v7-m/nofp\libg.a(lib_a-errno.o)
                              CMakeFiles/RTOS_cmake.elf.dir/Core/Src/syscalls.c.obj (__errno)
e:/paopaozhipath/gcc-arm-none-eabi-10.3-2021.10/bin/../lib/gcc/arm-none-eabi/10.3.1/../../../../arm-none-eabi/lib/thumb/v7-m/nofp\libg.a(lib_a-exit.o)
                              e:/paopaozhipath/gcc-arm-none-eabi-10.3-2021.10/bin/../lib/gcc/arm-none-eabi/10.3.1/../../../../arm-none-eabi/lib/thumb/v7-m/nofp/crt0.o (exit)
e:/paopaozhipath/gcc-arm-none-eabi-10.3-2021.10/bin/../lib/gcc/arm-none-eabi/10.3.1/../../../../arm-none-eabi/lib/thumb/v7-m/nofp\libg.a(lib_a-impure.o)
                              e:/paopaozhipath/gcc-arm-none-eabi-10.3-2021.10/bin/../lib/gcc/arm-none-eabi/10.3.1/../../../../arm-none-eabi/lib/thumb/v7-m/nofp\libg.a(lib_a-exit.o) (_global_impure_ptr)
e:/paopaozhipath/gcc-arm-none-eabi-10.3-2021.10/bin/../lib/gcc/arm-none-eabi/10.3.1/../../../../arm-none-eabi/lib/thumb/v7-m/nofp\libg.a(lib_a-init.o)
                              e:/paopaozhipath/gcc-arm-none-eabi-10.3-2021.10/bin/../lib/gcc/arm-none-eabi/10.3.1/../../../../arm-none-eabi/lib/thumb/v7-m/nofp/crt0.o (__libc_init_array)
e:/paopaozhipath/gcc-arm-none-eabi-10.3-2021.10/bin/../lib/gcc/arm-none-eabi/10.3.1/../../../../arm-none-eabi/lib/thumb/v7-m/nofp\libg.a(lib_a-memset.o)
                              e:/paopaozhipath/gcc-arm-none-eabi-10.3-2021.10/bin/../lib/gcc/arm-none-eabi/10.3.1/../../../../arm-none-eabi/lib/thumb/v7-m/nofp/crt0.o (memset)
e:/paopaozhipath/gcc-arm-none-eabi-10.3-2021.10/bin/../lib/gcc/arm-none-eabi/10.3.1/../../../../arm-none-eabi/lib/thumb/v7-m/nofp\libg.a(lib_a-__call_atexit.o)
                              e:/paopaozhipath/gcc-arm-none-eabi-10.3-2021.10/bin/../lib/gcc/arm-none-eabi/10.3.1/../../../../arm-none-eabi/lib/thumb/v7-m/nofp\libg.a(lib_a-exit.o) (__call_exitprocs)
e:/paopaozhipath/gcc-arm-none-eabi-10.3-2021.10/bin/../lib/gcc/arm-none-eabi/10.3.1/../../../../arm-none-eabi/lib/thumb/v7-m/nofp\libg.a(lib_a-atexit.o)
                              e:/paopaozhipath/gcc-arm-none-eabi-10.3-2021.10/bin/../lib/gcc/arm-none-eabi/10.3.1/../../../../arm-none-eabi/lib/thumb/v7-m/nofp\libg.a(lib_a-__call_atexit.o) (atexit)
e:/paopaozhipath/gcc-arm-none-eabi-10.3-2021.10/bin/../lib/gcc/arm-none-eabi/10.3.1/../../../../arm-none-eabi/lib/thumb/v7-m/nofp\libg.a(lib_a-fini.o)
                              e:/paopaozhipath/gcc-arm-none-eabi-10.3-2021.10/bin/../lib/gcc/arm-none-eabi/10.3.1/../../../../arm-none-eabi/lib/thumb/v7-m/nofp\libg.a(lib_a-__call_atexit.o) (__libc_fini_array)
e:/paopaozhipath/gcc-arm-none-eabi-10.3-2021.10/bin/../lib/gcc/arm-none-eabi/10.3.1/../../../../arm-none-eabi/lib/thumb/v7-m/nofp\libg.a(lib_a-lock.o)
                              e:/paopaozhipath/gcc-arm-none-eabi-10.3-2021.10/bin/../lib/gcc/arm-none-eabi/10.3.1/../../../../arm-none-eabi/lib/thumb/v7-m/nofp\libg.a(lib_a-__call_atexit.o) (__retarget_lock_acquire_recursive)
e:/paopaozhipath/gcc-arm-none-eabi-10.3-2021.10/bin/../lib/gcc/arm-none-eabi/10.3.1/../../../../arm-none-eabi/lib/thumb/v7-m/nofp\libg.a(lib_a-__atexit.o)
                              e:/paopaozhipath/gcc-arm-none-eabi-10.3-2021.10/bin/../lib/gcc/arm-none-eabi/10.3.1/../../../../arm-none-eabi/lib/thumb/v7-m/nofp\libg.a(lib_a-atexit.o) (__register_exitproc)

Discarded input sections

 .text          0x00000000        0x0 e:/paopaozhipath/gcc-arm-none-eabi-10.3-2021.10/bin/../lib/gcc/arm-none-eabi/10.3.1/thumb/v7-m/nofp/crti.o
 .data          0x00000000        0x0 e:/paopaozhipath/gcc-arm-none-eabi-10.3-2021.10/bin/../lib/gcc/arm-none-eabi/10.3.1/thumb/v7-m/nofp/crti.o
 .bss           0x00000000        0x0 e:/paopaozhipath/gcc-arm-none-eabi-10.3-2021.10/bin/../lib/gcc/arm-none-eabi/10.3.1/thumb/v7-m/nofp/crti.o
 .data          0x00000000        0x4 e:/paopaozhipath/gcc-arm-none-eabi-10.3-2021.10/bin/../lib/gcc/arm-none-eabi/10.3.1/thumb/v7-m/nofp/crtbegin.o
 .rodata        0x00000000       0x24 e:/paopaozhipath/gcc-arm-none-eabi-10.3-2021.10/bin/../lib/gcc/arm-none-eabi/10.3.1/thumb/v7-m/nofp/crtbegin.o
 .text          0x00000000       0x7c e:/paopaozhipath/gcc-arm-none-eabi-10.3-2021.10/bin/../lib/gcc/arm-none-eabi/10.3.1/../../../../arm-none-eabi/lib/thumb/v7-m/nofp/crt0.o
 .data          0x00000000        0x0 e:/paopaozhipath/gcc-arm-none-eabi-10.3-2021.10/bin/../lib/gcc/arm-none-eabi/10.3.1/../../../../arm-none-eabi/lib/thumb/v7-m/nofp/crt0.o
 .bss           0x00000000        0x0 e:/paopaozhipath/gcc-arm-none-eabi-10.3-2021.10/bin/../lib/gcc/arm-none-eabi/10.3.1/../../../../arm-none-eabi/lib/thumb/v7-m/nofp/crt0.o
 .ARM.extab     0x00000000        0x0 e:/paopaozhipath/gcc-arm-none-eabi-10.3-2021.10/bin/../lib/gcc/arm-none-eabi/10.3.1/../../../../arm-none-eabi/lib/thumb/v7-m/nofp/crt0.o
[...]
Memory Configuration

Name             Origin             Length             Attributes
RAM              0x20000000         0x00005000         xrw
FLASH            0x08000000         0x00020000         xr
*default*        0x00000000         0xffffffff

Linker script and memory map

LOAD e:/paopaozhipath/gcc-arm-none-eabi-10.3-2021.10/bin/../lib/gcc/arm-none-eabi/10.3.1/thumb/v7-m/nofp/crti.o
LOAD e:/paopaozhipath/gcc-arm-none-eabi-10.3-2021.10/bin/../lib/gcc/arm-none-eabi/10.3.1/thumb/v7-m/nofp/crtbegin.o
LOAD e:/paopaozhipath/gcc-arm-none-eabi-10.3-2021.10/bin/../lib/gcc/arm-none-eabi/10.3.1/../../../../arm-none-eabi/lib/thumb/v7-m/nofp/crt0.o
LOAD CMakeFiles/RTOS_cmake.elf.dir/Core/Src/gpio.c.obj
LOAD CMakeFiles/RTOS_cmake.elf.dir/Core/Src/main.c.obj
LOAD CMakeFiles/RTOS_cmake.elf.dir/Core/Src/stm32f1xx_hal_msp.c.obj
LOAD CMakeFiles/RTOS_cmake.elf.dir/Core/Src/stm32f1xx_it.c.obj
LOAD CMakeFiles/RTOS_cmake.elf.dir/Core/Src/syscalls.c.obj
LOAD CMakeFiles/RTOS_cmake.elf.dir/Core/Src/system_stm32f1xx.c.obj
LOAD CMakeFiles/RTOS_cmake.elf.dir/Core/Src/usart.c.obj
LOAD CMakeFiles/RTOS_cmake.elf.dir/Drivers/STM32F1xx_HAL_Driver/Src/stm32f1xx_hal.c.obj
LOAD CMakeFiles/RTOS_cmake.elf.dir/Drivers/STM32F1xx_HAL_Driver/Src/stm32f1xx_hal_cortex.c.obj
LOAD CMakeFiles/RTOS_cmake.elf.dir/Drivers/STM32F1xx_HAL_Driver/Src/stm32f1xx_hal_dma.c.obj
LOAD CMakeFiles/RTOS_cmake.elf.dir/Drivers/STM32F1xx_HAL_Driver/Src/stm32f1xx_hal_exti.c.obj
LOAD CMakeFiles/RTOS_cmake.elf.dir/Drivers/STM32F1xx_HAL_Driver/Src/stm32f1xx_hal_flash.c.obj
LOAD CMakeFiles/RTOS_cmake.elf.dir/Drivers/STM32F1xx_HAL_Driver/Src/stm32f1xx_hal_flash_ex.c.obj
LOAD CMakeFiles/RTOS_cmake.elf.dir/Drivers/STM32F1xx_HAL_Driver/Src/stm32f1xx_hal_gpio.c.obj
LOAD CMakeFiles/RTOS_cmake.elf.dir/Drivers/STM32F1xx_HAL_Driver/Src/stm32f1xx_hal_gpio_ex.c.obj
LOAD CMakeFiles/RTOS_cmake.elf.dir/Drivers/STM32F1xx_HAL_Driver/Src/stm32f1xx_hal_pwr.c.obj
LOAD CMakeFiles/RTOS_cmake.elf.dir/Drivers/STM32F1xx_HAL_Driver/Src/stm32f1xx_hal_rcc.c.obj
LOAD CMakeFiles/RTOS_cmake.elf.dir/Drivers/STM32F1xx_HAL_Driver/Src/stm32f1xx_hal_rcc_ex.c.obj
LOAD CMakeFiles/RTOS_cmake.elf.dir/Drivers/STM32F1xx_HAL_Driver/Src/stm32f1xx_hal_tim.c.obj
LOAD CMakeFiles/RTOS_cmake.elf.dir/Drivers/STM32F1xx_HAL_Driver/Src/stm32f1xx_hal_tim_ex.c.obj
LOAD CMakeFiles/RTOS_cmake.elf.dir/Drivers/STM32F1xx_HAL_Driver/Src/stm32f1xx_hal_uart.c.obj
LOAD CMakeFiles/RTOS_cmake.elf.dir/startup/startup_stm32f103xb.s.obj
LOAD CMakeFiles/RTOS_cmake.elf.dir/RTOS/bsp/board.c.obj
LOAD CMakeFiles/RTOS_cmake.elf.dir/RTOS/libcpu/arm/cortex-m3/context_gcc.S.obj
LOAD CMakeFiles/RTOS_cmake.elf.dir/RTOS/libcpu/arm/cortex-m3/cpuport.c.obj
LOAD CMakeFiles/RTOS_cmake.elf.dir/RTOS/src/clock.c.obj
LOAD CMakeFiles/RTOS_cmake.elf.dir/RTOS/src/components.c.obj
LOAD CMakeFiles/RTOS_cmake.elf.dir/RTOS/src/cpu.c.obj
LOAD CMakeFiles/RTOS_cmake.elf.dir/RTOS/src/idle.c.obj
LOAD CMakeFiles/RTOS_cmake.elf.dir/RTOS/src/ipc.c.obj
LOAD CMakeFiles/RTOS_cmake.elf.dir/RTOS/src/irq.c.obj
LOAD CMakeFiles/RTOS_cmake.elf.dir/RTOS/src/kservice.c.obj
LOAD CMakeFiles/RTOS_cmake.elf.dir/RTOS/src/mem.c.obj
LOAD CMakeFiles/RTOS_cmake.elf.dir/RTOS/src/memheap.c.obj
LOAD CMakeFiles/RTOS_cmake.elf.dir/RTOS/src/mempool.c.obj
LOAD CMakeFiles/RTOS_cmake.elf.dir/RTOS/src/object.c.obj
LOAD CMakeFiles/RTOS_cmake.elf.dir/RTOS/src/scheduler.c.obj
LOAD CMakeFiles/RTOS_cmake.elf.dir/RTOS/src/slab.c.obj
LOAD CMakeFiles/RTOS_cmake.elf.dir/RTOS/src/thread.c.obj
LOAD CMakeFiles/RTOS_cmake.elf.dir/RTOS/src/timer.c.obj
START GROUP
LOAD e:/paopaozhipath/gcc-arm-none-eabi-10.3-2021.10/bin/../lib/gcc/arm-none-eabi/10.3.1/thumb/v7-m/nofp\libgcc.a
LOAD e:/paopaozhipath/gcc-arm-none-eabi-10.3-2021.10/bin/../lib/gcc/arm-none-eabi/10.3.1/../../../../arm-none-eabi/lib/thumb/v7-m/nofp\libg.a
LOAD e:/paopaozhipath/gcc-arm-none-eabi-10.3-2021.10/bin/../lib/gcc/arm-none-eabi/10.3.1/../../../../arm-none-eabi/lib/thumb/v7-m/nofp\libc.a
END GROUP
LOAD e:/paopaozhipath/gcc-arm-none-eabi-10.3-2021.10/bin/../lib/gcc/arm-none-eabi/10.3.1/thumb/v7-m/nofp/crtend.o
LOAD e:/paopaozhipath/gcc-arm-none-eabi-10.3-2021.10/bin/../lib/gcc/arm-none-eabi/10.3.1/thumb/v7-m/nofp/crtn.o
                0x20005000                _estack = (ORIGIN (RAM) + LENGTH (RAM))
                0x00000200                _Min_Heap_Size = 0x200
                0x00000800                _Min_Stack_Size = 0x800

.isr_vector     0x08000000      0x10c
                0x08000000                . = ALIGN (0x4)
 *(.isr_vector)
 .isr_vector    0x08000000      0x10c CMakeFiles/RTOS_cmake.elf.dir/startup/startup_stm32f103xb.s.obj
                0x08000000                g_pfnVectors
                0x0800010c                . = ALIGN (0x4)

.text           0x0800010c     0x2884
                0x0800010c                . = ALIGN (0x4)
 *(.text)
 .text          0x0800010c       0x40 e:/paopaozhipath/gcc-arm-none-eabi-10.3-2021.10/bin/../lib/gcc/arm-none-eabi/10.3.1/thumb/v7-m/nofp/crtbegin.o
 .text          0x0800014c      0x104 CMakeFiles/RTOS_cmake.elf.dir/RTOS/libcpu/arm/cortex-m3/context_gcc.S.obj
                0x0800014c                rt_hw_interrupt_disable
                0x08000154                rt_hw_interrupt_enable
                0x0800015a                rt_hw_context_switch_interrupt
                0x0800015a                rt_hw_context_switch
                0x0800017a                PendSV_Handler
                0x080001ba                rt_hw_context_switch_to
                0x080001f4                rt_hw_interrupt_thread_switch
                0x080001f8                HardFault_Handler
                0x0800022e                rt_hw_interrupt_check
 *(.text*)
 .text.MX_GPIO_Init
                0x08000250       0x74 CMakeFiles/RTOS_cmake.elf.dir/Core/Src/gpio.c.obj
                0x08000250                MX_GPIO_Init
 .text.thread1_entry
                0x080002c4       0x30 CMakeFiles/RTOS_cmake.elf.dir/Core/Src/main.c.obj
                0x080002c4                thread1_entry
 .text.thread2_entry
                0x080002f4       0x18 CMakeFiles/RTOS_cmake.elf.dir/Core/Src/main.c.obj
                0x080002f4                thread2_entry
 .text.main     0x0800030c       0x7c CMakeFiles/RTOS_cmake.elf.dir/Core/Src/main.c.obj
                0x0800030c                main
 .text.Error_Handler
                0x08000388        0x4 CMakeFiles/RTOS_cmake.elf.dir/Core/Src/main.c.obj
                0x08000388                Error_Handler
 .text.HAL_MspInit
                0x0800038c       0x44 CMakeFiles/RTOS_cmake.elf.dir/Core/Src/stm32f1xx_hal_msp.c.obj
                0x0800038c                HAL_MspInit
 .text.NMI_Handler
                0x080003d0        0x2 CMakeFiles/RTOS_cmake.elf.dir/Core/Src/stm32f1xx_it.c.obj
                0x080003d0                NMI_Handler
 .text.MemManage_Handler
                0x080003d2        0x2 CMakeFiles/RTOS_cmake.elf.dir/Core/Src/stm32f1xx_it.c.obj
                0x080003d2                MemManage_Handler
 .text.BusFault_Handler
                0x080003d4        0x2 CMakeFiles/RTOS_cmake.elf.dir/Core/Src/stm32f1xx_it.c.obj
                0x080003d4                BusFault_Handler
 .text.UsageFault_Handler
                0x080003d6        0x2 CMakeFiles/RTOS_cmake.elf.dir/Core/Src/stm32f1xx_it.c.obj
                0x080003d6                UsageFault_Handler
 .text.SVC_Handler
                0x080003d8        0x2 CMakeFiles/RTOS_cmake.elf.dir/Core/Src/stm32f1xx_it.c.obj
                0x080003d8                SVC_Handler
 .text.DebugMon_Handler
                0x080003da        0x2 CMakeFiles/RTOS_cmake.elf.dir/Core/Src/stm32f1xx_it.c.obj
                0x080003da                DebugMon_Handler
 .text.SystemInit
                0x080003dc        0x2 CMakeFiles/RTOS_cmake.elf.dir/Core/Src/system_stm32f1xx.c.obj
                0x080003dc                SystemInit
 *fill*         0x080003de        0x2 
 .text.MX_USART1_UART_Init
                0x080003e0       0x34 CMakeFiles/RTOS_cmake.elf.dir/Core/Src/usart.c.obj
                0x080003e0                MX_USART1_UART_Init
 .text.HAL_UART_MspInit
                0x08000414       0x78 CMakeFiles/RTOS_cmake.elf.dir/Core/Src/usart.c.obj
                0x08000414                HAL_UART_MspInit
 .text.HAL_InitTick
                0x0800048c       0x4c CMakeFiles/RTOS_cmake.elf.dir/Drivers/STM32F1xx_HAL_Driver/Src/stm32f1xx_hal.c.obj
                0x0800048c                HAL_InitTick
 .text.HAL_Init
                0x080004d8       0x24 CMakeFiles/RTOS_cmake.elf.dir/Drivers/STM32F1xx_HAL_Driver/Src/stm32f1xx_hal.c.obj
                0x080004d8                HAL_Init
 .text.HAL_GetTick
                0x080004fc        0xc CMakeFiles/RTOS_cmake.elf.dir/Drivers/STM32F1xx_HAL_Driver/Src/stm32f1xx_hal.c.obj
                0x080004fc                HAL_GetTick
 .text.HAL_NVIC_SetPriorityGrouping
                0x08000508       0x24 CMakeFiles/RTOS_cmake.elf.dir/Drivers/STM32F1xx_HAL_Driver/Src/stm32f1xx_hal_cortex.c.obj
                0x08000508                HAL_NVIC_SetPriorityGrouping
 .text.HAL_NVIC_SetPriority
                0x0800052c       0x70 CMakeFiles/RTOS_cmake.elf.dir/Drivers/STM32F1xx_HAL_Driver/Src/stm32f1xx_hal_cortex.c.obj
                0x0800052c                HAL_NVIC_SetPriority
 .text.HAL_SYSTICK_Config
                0x0800059c       0x28 CMakeFiles/RTOS_cmake.elf.dir/Drivers/STM32F1xx_HAL_Driver/Src/stm32f1xx_hal_cortex.c.obj
                0x0800059c                HAL_SYSTICK_Config
 .text.HAL_GPIO_Init
                0x080005c4      0x224 CMakeFiles/RTOS_cmake.elf.dir/Drivers/STM32F1xx_HAL_Driver/Src/stm32f1xx_hal_gpio.c.obj
                0x080005c4                HAL_GPIO_Init
 .text.HAL_GPIO_WritePin
                0x080007e8        0xc CMakeFiles/RTOS_cmake.elf.dir/Drivers/STM32F1xx_HAL_Driver/Src/stm32f1xx_hal_gpio.c.obj
                0x080007e8                HAL_GPIO_WritePin
 .text.HAL_GPIO_TogglePin
                0x080007f4       0x12 CMakeFiles/RTOS_cmake.elf.dir/Drivers/STM32F1xx_HAL_Driver/Src/stm32f1xx_hal_gpio.c.obj
                0x080007f4                HAL_GPIO_TogglePin
 *fill*         0x08000806        0x2 
 .text.RCC_Delay
                0x08000808       0x2c CMakeFiles/RTOS_cmake.elf.dir/Drivers/STM32F1xx_HAL_Driver/Src/stm32f1xx_hal_rcc.c.obj
 .text.HAL_RCC_OscConfig
                0x08000834      0x410 CMakeFiles/RTOS_cmake.elf.dir/Drivers/STM32F1xx_HAL_Driver/Src/stm32f1xx_hal_rcc.c.obj
                0x08000834                HAL_RCC_OscConfig
 .text.HAL_RCC_GetSysClockFreq
                0x08000c44       0x70 CMakeFiles/RTOS_cmake.elf.dir/Drivers/STM32F1xx_HAL_Driver/Src/stm32f1xx_hal_rcc.c.obj
                0x08000c44                HAL_RCC_GetSysClockFreq
 .text.HAL_RCC_ClockConfig
                0x08000cb4      0x16c CMakeFiles/RTOS_cmake.elf.dir/Drivers/STM32F1xx_HAL_Driver/Src/stm32f1xx_hal_rcc.c.obj
                0x08000cb4                HAL_RCC_ClockConfig
 .text.HAL_RCC_GetHCLKFreq
                0x08000e20        0xc CMakeFiles/RTOS_cmake.elf.dir/Drivers/STM32F1xx_HAL_Driver/Src/stm32f1xx_hal_rcc.c.obj
                0x08000e20                HAL_RCC_GetHCLKFreq
 .text.HAL_RCC_GetPCLK1Freq
                0x08000e2c       0x20 CMakeFiles/RTOS_cmake.elf.dir/Drivers/STM32F1xx_HAL_Driver/Src/stm32f1xx_hal_rcc.c.obj
                0x08000e2c                HAL_RCC_GetPCLK1Freq
 .text.HAL_RCC_GetPCLK2Freq
                0x08000e4c       0x20 CMakeFiles/RTOS_cmake.elf.dir/Drivers/STM32F1xx_HAL_Driver/Src/stm32f1xx_hal_rcc.c.obj
                0x08000e4c                HAL_RCC_GetPCLK2Freq
 .text.UART_SetConfig
                0x08000e6c       0x94 CMakeFiles/RTOS_cmake.elf.dir/Drivers/STM32F1xx_HAL_Driver/Src/stm32f1xx_hal_uart.c.obj
 .text.UART_WaitOnFlagUntilTimeout
                0x08000f00       0x6c CMakeFiles/RTOS_cmake.elf.dir/Drivers/STM32F1xx_HAL_Driver/Src/stm32f1xx_hal_uart.c.obj
 .text.HAL_UART_Init
                0x08000f6c       0x5e CMakeFiles/RTOS_cmake.elf.dir/Drivers/STM32F1xx_HAL_Driver/Src/stm32f1xx_hal_uart.c.obj
                0x08000f6c                HAL_UART_Init
 .text.HAL_UART_Transmit
                0x08000fca       0xd8 CMakeFiles/RTOS_cmake.elf.dir/Drivers/STM32F1xx_HAL_Driver/Src/stm32f1xx_hal_uart.c.obj
                0x08000fca                HAL_UART_Transmit
 *fill*         0x080010a2        0x2 
 .text.Reset_Handler
                0x080010a4       0x48 CMakeFiles/RTOS_cmake.elf.dir/startup/startup_stm32f103xb.s.obj
                0x080010a4                Reset_Handler
 .text.Default_Handler
                0x080010ec        0x2 CMakeFiles/RTOS_cmake.elf.dir/startup/startup_stm32f103xb.s.obj
                0x080010ec                RTC_Alarm_IRQHandler
                0x080010ec                EXTI2_IRQHandler
                0x080010ec                TIM1_CC_IRQHandler
                0x080010ec                PVD_IRQHandler
                0x080010ec                EXTI3_IRQHandler
                0x080010ec                EXTI0_IRQHandler
                0x080010ec                I2C2_EV_IRQHandler
                0x080010ec                ADC1_2_IRQHandler
                0x080010ec                SPI1_IRQHandler
                0x080010ec                TAMPER_IRQHandler
                0x080010ec                DMA1_Channel4_IRQHandler
                0x080010ec                USART3_IRQHandler
                0x080010ec                RTC_IRQHandler
                0x080010ec                DMA1_Channel7_IRQHandler
                0x080010ec                CAN1_RX1_IRQHandler
                0x080010ec                TIM4_IRQHandler
                0x080010ec                I2C1_EV_IRQHandler
                0x080010ec                DMA1_Channel6_IRQHandler
                0x080010ec                TIM3_IRQHandler
                0x080010ec                RCC_IRQHandler
                0x080010ec                TIM1_TRG_COM_IRQHandler
                0x080010ec                DMA1_Channel1_IRQHandler
                0x080010ec                Default_Handler
                0x080010ec                EXTI15_10_IRQHandler
                0x080010ec                EXTI9_5_IRQHandler
                0x080010ec                SPI2_IRQHandler
                0x080010ec                DMA1_Channel5_IRQHandler
                0x080010ec                EXTI4_IRQHandler
                0x080010ec                USB_LP_CAN1_RX0_IRQHandler
                0x080010ec                USB_HP_CAN1_TX_IRQHandler
                0x080010ec                DMA1_Channel3_IRQHandler
                0x080010ec                TIM1_UP_IRQHandler
                0x080010ec                WWDG_IRQHandler
                0x080010ec                TIM2_IRQHandler
                0x080010ec                TIM1_BRK_IRQHandler
                0x080010ec                EXTI1_IRQHandler
                0x080010ec                USART2_IRQHandler
                0x080010ec                I2C2_ER_IRQHandler
                0x080010ec                DMA1_Channel2_IRQHandler
                0x080010ec                CAN1_SCE_IRQHandler
                0x080010ec                FLASH_IRQHandler
                0x080010ec                USART1_IRQHandler
                0x080010ec                I2C1_ER_IRQHandler
                0x080010ec                USBWakeUp_IRQHandler
 *fill*         0x080010ee        0x2 
 .text.rt_heap_begin_get
                0x080010f0        0x8 CMakeFiles/RTOS_cmake.elf.dir/RTOS/bsp/board.c.obj
                0x080010f0                rt_heap_begin_get
 .text.rt_heap_end_get
                0x080010f8        0x8 CMakeFiles/RTOS_cmake.elf.dir/RTOS/bsp/board.c.obj
                0x080010f8                rt_heap_end_get
 .text.rt_hw_console_output
                0x08001100       0x40 CMakeFiles/RTOS_cmake.elf.dir/RTOS/bsp/board.c.obj
                0x08001100                rt_hw_console_output
 .text.SysTick_Handler
                0x08001140       0x10 CMakeFiles/RTOS_cmake.elf.dir/RTOS/bsp/board.c.obj
                0x08001140                SysTick_Handler
 .text.SystemClock_Config
                0x08001150       0x68 CMakeFiles/RTOS_cmake.elf.dir/RTOS/bsp/board.c.obj
                0x08001150                SystemClock_Config
 .text.rt_hw_board_init
                0x080011b8       0x40 CMakeFiles/RTOS_cmake.elf.dir/RTOS/bsp/board.c.obj
                0x080011b8                rt_hw_board_init
 .text.rt_hw_stack_init
                0x080011f8       0x4c CMakeFiles/RTOS_cmake.elf.dir/RTOS/libcpu/arm/cortex-m3/cpuport.c.obj
                0x080011f8                rt_hw_stack_init
 .text.rt_hw_hard_fault_exception
                0x08001244       0xfc CMakeFiles/RTOS_cmake.elf.dir/RTOS/libcpu/arm/cortex-m3/cpuport.c.obj
                0x08001244                rt_hw_hard_fault_exception
 .text.rt_tick_get
                0x08001340        0xc CMakeFiles/RTOS_cmake.elf.dir/RTOS/src/clock.c.obj
                0x08001340                rt_tick_get
 .text.rt_tick_increase
                0x0800134c       0x2c CMakeFiles/RTOS_cmake.elf.dir/RTOS/src/clock.c.obj
                0x0800134c                rt_tick_increase
 .text.rt_tick_from_millisecond
                0x08001378       0x3c CMakeFiles/RTOS_cmake.elf.dir/RTOS/src/clock.c.obj
                0x08001378                rt_tick_from_millisecond
 .text.rti_board_start
                0x080013b4        0x4 CMakeFiles/RTOS_cmake.elf.dir/RTOS/src/components.c.obj
 .text.rti_board_end
                0x080013b8        0x4 CMakeFiles/RTOS_cmake.elf.dir/RTOS/src/components.c.obj
 .text.rti_end  0x080013bc        0x4 CMakeFiles/RTOS_cmake.elf.dir/RTOS/src/components.c.obj
 .text.rt_components_board_init
                0x080013c0       0x1c CMakeFiles/RTOS_cmake.elf.dir/RTOS/src/components.c.obj
                0x080013c0                rt_components_board_init
 .text.rt_components_init
                0x080013dc       0x1c CMakeFiles/RTOS_cmake.elf.dir/RTOS/src/components.c.obj
                0x080013dc                rt_components_init
 .text.main_thread_entry
                0x080013f8        0xc CMakeFiles/RTOS_cmake.elf.dir/RTOS/src/components.c.obj
                0x080013f8                main_thread_entry
 .text.rt_application_init
                0x08001404       0x2c CMakeFiles/RTOS_cmake.elf.dir/RTOS/src/components.c.obj
                0x08001404                rt_application_init
 .text.rtthread_startup
                0x08001430       0x2a CMakeFiles/RTOS_cmake.elf.dir/RTOS/src/components.c.obj
                0x08001430                rtthread_startup
 .text.entry    0x0800145a        0xa CMakeFiles/RTOS_cmake.elf.dir/RTOS/src/components.c.obj
                0x0800145a                entry
 .text.rt_thread_idle_excute
                0x08001464       0x44 CMakeFiles/RTOS_cmake.elf.dir/RTOS/src/idle.c.obj
                0x08001464                rt_thread_idle_excute
 .text.rt_thread_idle_entry
                0x080014a8        0x8 CMakeFiles/RTOS_cmake.elf.dir/RTOS/src/idle.c.obj
 .text.rt_thread_idle_init
                0x080014b0       0x40 CMakeFiles/RTOS_cmake.elf.dir/RTOS/src/idle.c.obj
                0x080014b0                rt_thread_idle_init
 .text.rt_sem_init
                0x080014f0       0x20 CMakeFiles/RTOS_cmake.elf.dir/RTOS/src/ipc.c.obj
                0x080014f0                rt_sem_init
 .text.rt_sem_take
                0x08001510       0xcc CMakeFiles/RTOS_cmake.elf.dir/RTOS/src/ipc.c.obj
                0x08001510                rt_sem_take
 .text.rt_sem_release
                0x080015dc       0x50 CMakeFiles/RTOS_cmake.elf.dir/RTOS/src/ipc.c.obj
                0x080015dc                rt_sem_release
 .text.rt_interrupt_enter
                0x0800162c       0x1c CMakeFiles/RTOS_cmake.elf.dir/RTOS/src/irq.c.obj
                0x0800162c                rt_interrupt_enter
 .text.rt_interrupt_leave
                0x08001648       0x1c CMakeFiles/RTOS_cmake.elf.dir/RTOS/src/irq.c.obj
                0x08001648                rt_interrupt_leave
 .text.print_number
                0x08001664      0x16c CMakeFiles/RTOS_cmake.elf.dir/RTOS/src/kservice.c.obj
 .text.rt_memset
                0x080017d0       0x62 CMakeFiles/RTOS_cmake.elf.dir/RTOS/src/kservice.c.obj
                0x080017d0                rt_memset
 .text.rt_strncpy
                0x08001832       0x2c CMakeFiles/RTOS_cmake.elf.dir/RTOS/src/kservice.c.obj
                0x08001832                rt_strncpy
 *fill*         0x0800185e        0x2 
 .text.rt_vsnprintf
                0x08001860      0x2f8 CMakeFiles/RTOS_cmake.elf.dir/RTOS/src/kservice.c.obj
                0x08001860                rt_vsnprintf
 .text.rt_kprintf
                0x08001b58       0x2c CMakeFiles/RTOS_cmake.elf.dir/RTOS/src/kservice.c.obj
                0x08001b58                rt_kprintf
 .text.rt_show_version
                0x08001b84       0x40 CMakeFiles/RTOS_cmake.elf.dir/RTOS/src/kservice.c.obj
                0x08001b84                rt_show_version
 .text.__rt_ffs
                0x08001bc4       0x44 CMakeFiles/RTOS_cmake.elf.dir/RTOS/src/kservice.c.obj
                0x08001bc4                __rt_ffs
 .text.plug_holes
                0x08001c08       0x68 CMakeFiles/RTOS_cmake.elf.dir/RTOS/src/mem.c.obj
 .text.rt_system_heap_init
                0x08001c70       0x80 CMakeFiles/RTOS_cmake.elf.dir/RTOS/src/mem.c.obj
                0x08001c70                rt_system_heap_init
 .text.rt_malloc
                0x08001cf0      0x120 CMakeFiles/RTOS_cmake.elf.dir/RTOS/src/mem.c.obj
                0x08001cf0                rt_malloc
 .text.rt_free  0x08001e10       0xa8 CMakeFiles/RTOS_cmake.elf.dir/RTOS/src/mem.c.obj
                0x08001e10                rt_free
 .text.rt_object_get_information
                0x08001eb8       0x24 CMakeFiles/RTOS_cmake.elf.dir/RTOS/src/object.c.obj
                0x08001eb8                rt_object_get_information
 .text.rt_object_init
                0x08001edc       0x52 CMakeFiles/RTOS_cmake.elf.dir/RTOS/src/object.c.obj
                0x08001edc                rt_object_init
 .text.rt_object_detach
                0x08001f2e       0x24 CMakeFiles/RTOS_cmake.elf.dir/RTOS/src/object.c.obj
                0x08001f2e                rt_object_detach
 .text.rt_object_allocate
                0x08001f52       0x4c CMakeFiles/RTOS_cmake.elf.dir/RTOS/src/object.c.obj
                0x08001f52                rt_object_allocate
 .text.rt_object_delete
                0x08001f9e       0x2a CMakeFiles/RTOS_cmake.elf.dir/RTOS/src/object.c.obj
                0x08001f9e                rt_object_delete
 .text.rt_object_is_systemobject
                0x08001fc8       0x10 CMakeFiles/RTOS_cmake.elf.dir/RTOS/src/object.c.obj
                0x08001fc8                rt_object_is_systemobject
 .text.rt_system_scheduler_init
                0x08001fd8       0x4c CMakeFiles/RTOS_cmake.elf.dir/RTOS/src/scheduler.c.obj
                0x08001fd8                rt_system_scheduler_init
 .text.rt_system_scheduler_start
                0x08002024       0x30 CMakeFiles/RTOS_cmake.elf.dir/RTOS/src/scheduler.c.obj
                0x08002024                rt_system_scheduler_start
 .text.rt_schedule
                0x08002054       0x74 CMakeFiles/RTOS_cmake.elf.dir/RTOS/src/scheduler.c.obj
                0x08002054                rt_schedule
 .text.rt_schedule_insert_thread
                0x080020c8       0x4c CMakeFiles/RTOS_cmake.elf.dir/RTOS/src/scheduler.c.obj
                0x080020c8                rt_schedule_insert_thread
 .text.rt_schedule_remove_thread
                0x08002114       0x48 CMakeFiles/RTOS_cmake.elf.dir/RTOS/src/scheduler.c.obj
                0x08002114                rt_schedule_remove_thread
 .text.rt_enter_critical
                0x0800215c       0x18 CMakeFiles/RTOS_cmake.elf.dir/RTOS/src/scheduler.c.obj
                0x0800215c                rt_enter_critical
 .text.rt_exit_critical
                0x08002174       0x3c CMakeFiles/RTOS_cmake.elf.dir/RTOS/src/scheduler.c.obj
                0x08002174                rt_exit_critical
 .text._thread_cleanup_execute
                0x080021b0       0x1a CMakeFiles/RTOS_cmake.elf.dir/RTOS/src/thread.c.obj
 *fill*         0x080021ca        0x2 
 .text.rt_thread_exit
                0x080021cc       0x5c CMakeFiles/RTOS_cmake.elf.dir/RTOS/src/thread.c.obj
                0x080021cc                rt_thread_exit
 .text._rt_thread_init
                0x08002228       0x78 CMakeFiles/RTOS_cmake.elf.dir/RTOS/src/thread.c.obj
 .text.rt_thread_timeout
                0x080022a0       0x2c CMakeFiles/RTOS_cmake.elf.dir/RTOS/src/thread.c.obj
                0x080022a0                rt_thread_timeout
 .text.rt_thread_init
                0x080022cc       0x36 CMakeFiles/RTOS_cmake.elf.dir/RTOS/src/thread.c.obj
                0x080022cc                rt_thread_init
 *fill*         0x08002302        0x2 
 .text.rt_thread_self
                0x08002304        0xc CMakeFiles/RTOS_cmake.elf.dir/RTOS/src/thread.c.obj
                0x08002304                rt_thread_self
 .text.rt_thread_create
                0x08002310       0x50 CMakeFiles/RTOS_cmake.elf.dir/RTOS/src/thread.c.obj
                0x08002310                rt_thread_create
 .text.rt_thread_yield
                0x08002360       0x5c CMakeFiles/RTOS_cmake.elf.dir/RTOS/src/thread.c.obj
                0x08002360                rt_thread_yield
 .text.rt_thread_suspend
                0x080023bc       0x44 CMakeFiles/RTOS_cmake.elf.dir/RTOS/src/thread.c.obj
                0x080023bc                rt_thread_suspend
 .text.rt_thread_sleep
                0x08002400       0x4c CMakeFiles/RTOS_cmake.elf.dir/RTOS/src/thread.c.obj
                0x08002400                rt_thread_sleep
 .text.rt_thread_delay
                0x0800244c        0x8 CMakeFiles/RTOS_cmake.elf.dir/RTOS/src/thread.c.obj
                0x0800244c                rt_thread_delay
 .text.rt_thread_mdelay
                0x08002454        0xc CMakeFiles/RTOS_cmake.elf.dir/RTOS/src/thread.c.obj
                0x08002454                rt_thread_mdelay
 .text.rt_thread_resume
                0x08002460       0x46 CMakeFiles/RTOS_cmake.elf.dir/RTOS/src/thread.c.obj
                0x08002460                rt_thread_resume
 .text.rt_thread_startup
                0x080024a6       0x28 CMakeFiles/RTOS_cmake.elf.dir/RTOS/src/thread.c.obj
                0x080024a6                rt_thread_startup
 .text._rt_timer_init
                0x080024ce       0x32 CMakeFiles/RTOS_cmake.elf.dir/RTOS/src/timer.c.obj
 .text.rt_timer_init
                0x08002500       0x28 CMakeFiles/RTOS_cmake.elf.dir/RTOS/src/timer.c.obj
                0x08002500                rt_timer_init
 .text.rt_timer_detach
                0x08002528       0x46 CMakeFiles/RTOS_cmake.elf.dir/RTOS/src/timer.c.obj
                0x08002528                rt_timer_detach
 *fill*         0x0800256e        0x2 
 .text.rt_timer_start
                0x08002570       0xb8 CMakeFiles/RTOS_cmake.elf.dir/RTOS/src/timer.c.obj
                0x08002570                rt_timer_start
 .text.rt_timer_stop
                0x08002628       0x4e CMakeFiles/RTOS_cmake.elf.dir/RTOS/src/timer.c.obj
                0x08002628                rt_timer_stop
 .text.rt_timer_control
                0x08002676       0x54 CMakeFiles/RTOS_cmake.elf.dir/RTOS/src/timer.c.obj
                0x08002676                rt_timer_control
 *fill*         0x080026ca        0x2 
 .text.rt_timer_check
                0x080026cc       0xc0 CMakeFiles/RTOS_cmake.elf.dir/RTOS/src/timer.c.obj
                0x080026cc                rt_timer_check
 .text.rt_system_timer_init
                0x0800278c       0x1c CMakeFiles/RTOS_cmake.elf.dir/RTOS/src/timer.c.obj
                0x0800278c                rt_system_timer_init
 .text.rt_system_timer_thread_init
                0x080027a8        0x2 CMakeFiles/RTOS_cmake.elf.dir/RTOS/src/timer.c.obj
                0x080027a8                rt_system_timer_thread_init
 *fill*         0x080027aa        0x2 
 .text.__libc_init_array
                0x080027ac       0x48 e:/paopaozhipath/gcc-arm-none-eabi-10.3-2021.10/bin/../lib/gcc/arm-none-eabi/10.3.1/../../../../arm-none-eabi/lib/thumb/v7-m/nofp\libg.a(lib_a-init.o)
                0x080027ac                __libc_init_array
 .text.memset   0x080027f4       0xa4 e:/paopaozhipath/gcc-arm-none-eabi-10.3-2021.10/bin/../lib/gcc/arm-none-eabi/10.3.1/../../../../arm-none-eabi/lib/thumb/v7-m/nofp\libg.a(lib_a-memset.o)
                0x080027f4                memset
 .text.startup.register_fini
                0x08002898       0x14 e:/paopaozhipath/gcc-arm-none-eabi-10.3-2021.10/bin/../lib/gcc/arm-none-eabi/10.3.1/../../../../arm-none-eabi/lib/thumb/v7-m/nofp\libg.a(lib_a-__call_atexit.o)
 .text.atexit   0x080028ac        0xc e:/paopaozhipath/gcc-arm-none-eabi-10.3-2021.10/bin/../lib/gcc/arm-none-eabi/10.3.1/../../../../arm-none-eabi/lib/thumb/v7-m/nofp\libg.a(lib_a-atexit.o)
                0x080028ac                atexit
 .text.__libc_fini_array
                0x080028b8       0x2c e:/paopaozhipath/gcc-arm-none-eabi-10.3-2021.10/bin/../lib/gcc/arm-none-eabi/10.3.1/../../../../arm-none-eabi/lib/thumb/v7-m/nofp\libg.a(lib_a-fini.o)
                0x080028b8                __libc_fini_array
 .text.__retarget_lock_acquire_recursive
                0x080028e4        0x4 e:/paopaozhipath/gcc-arm-none-eabi-10.3-2021.10/bin/../lib/gcc/arm-none-eabi/10.3.1/../../../../arm-none-eabi/lib/thumb/v7-m/nofp\libg.a(lib_a-lock.o)
                0x080028e4                __retarget_lock_acquire_recursive
 .text.__retarget_lock_release_recursive
                0x080028e8        0x4 e:/paopaozhipath/gcc-arm-none-eabi-10.3-2021.10/bin/../lib/gcc/arm-none-eabi/10.3.1/../../../../arm-none-eabi/lib/thumb/v7-m/nofp\libg.a(lib_a-lock.o)
                0x080028e8                __retarget_lock_release_recursive
 .text.__register_exitproc
                0x080028ec       0x8c e:/paopaozhipath/gcc-arm-none-eabi-10.3-2021.10/bin/../lib/gcc/arm-none-eabi/10.3.1/../../../../arm-none-eabi/lib/thumb/v7-m/nofp\libg.a(lib_a-__atexit.o)
                0x080028ec                __register_exitproc
 *(.glue_7)
 .glue_7        0x08002978        0x0 linker stubs
 *(.glue_7t)
 .glue_7t       0x08002978        0x0 linker stubs
 *(.eh_frame)
 .eh_frame      0x08002978        0x0 e:/paopaozhipath/gcc-arm-none-eabi-10.3-2021.10/bin/../lib/gcc/arm-none-eabi/10.3.1/thumb/v7-m/nofp/crtbegin.o
 *(.init)
 .init          0x08002978        0x4 e:/paopaozhipath/gcc-arm-none-eabi-10.3-2021.10/bin/../lib/gcc/arm-none-eabi/10.3.1/thumb/v7-m/nofp/crti.o
                0x08002978                _init
 .init          0x0800297c        0x8 e:/paopaozhipath/gcc-arm-none-eabi-10.3-2021.10/bin/../lib/gcc/arm-none-eabi/10.3.1/thumb/v7-m/nofp/crtn.o
 *(.fini)
 .fini          0x08002984        0x4 e:/paopaozhipath/gcc-arm-none-eabi-10.3-2021.10/bin/../lib/gcc/arm-none-eabi/10.3.1/thumb/v7-m/nofp/crti.o
                0x08002984                _fini
 .fini          0x08002988        0x8 e:/paopaozhipath/gcc-arm-none-eabi-10.3-2021.10/bin/../lib/gcc/arm-none-eabi/10.3.1/thumb/v7-m/nofp/crtn.o
                0x08002990                . = ALIGN (0x4)
                0x08002990                _etext = .

.vfp11_veneer   0x08002990        0x0
 .vfp11_veneer  0x08002990        0x0 linker stubs

.v4_bx          0x08002990        0x0
 .v4_bx         0x08002990        0x0 linker stubs

.iplt           0x08002990        0x0
 .iplt          0x08002990        0x0 e:/paopaozhipath/gcc-arm-none-eabi-10.3-2021.10/bin/../lib/gcc/arm-none-eabi/10.3.1/thumb/v7-m/nofp/crtbegin.o

.rodata         0x08002990      0x3fc
                0x08002990                . = ALIGN (0x4)
 *(.rodata)
 *(.rodata*)
 .rodata.thread1_entry.str1.4
                0x08002990       0x1c CMakeFiles/RTOS_cmake.elf.dir/Core/Src/main.c.obj
 .rodata.thread2_entry.str1.4
                0x080029ac        0xa CMakeFiles/RTOS_cmake.elf.dir/Core/Src/main.c.obj
 *fill*         0x080029b6        0x2 
 .rodata.main.str1.4
                0x080029b8       0x10 CMakeFiles/RTOS_cmake.elf.dir/Core/Src/main.c.obj
 .rodata.AHBPrescTable
                0x080029c8       0x10 CMakeFiles/RTOS_cmake.elf.dir/Core/Src/system_stm32f1xx.c.obj
                0x080029c8                AHBPrescTable
 .rodata.APBPrescTable
                0x080029d8        0x8 CMakeFiles/RTOS_cmake.elf.dir/Core/Src/system_stm32f1xx.c.obj
                0x080029d8                APBPrescTable
 .rodata.HAL_RCC_GetSysClockFreq.str1.4
                0x080029e0       0x11 CMakeFiles/RTOS_cmake.elf.dir/Drivers/STM32F1xx_HAL_Driver/Src/stm32f1xx_hal_rcc.c.obj
 *fill*         0x080029f1        0x3 
 .rodata.rt_hw_hard_fault_exception.str1.4
                0x080029f4      0x13a CMakeFiles/RTOS_cmake.elf.dir/RTOS/libcpu/arm/cortex-m3/cpuport.c.obj
 *fill*         0x08002b2e        0x2 
 .rodata.rt_application_init.str1.4
                0x08002b30        0x5 CMakeFiles/RTOS_cmake.elf.dir/RTOS/src/components.c.obj
 *fill*         0x08002b35        0x3 
 .rodata.rt_thread_idle_init.str1.4
                0x08002b38        0x6 CMakeFiles/RTOS_cmake.elf.dir/RTOS/src/idle.c.obj
 *fill*         0x08002b3e        0x2 
 .rodata.rt_vsnprintf.str1.4
                0x08002b40        0x7 CMakeFiles/RTOS_cmake.elf.dir/RTOS/src/kservice.c.obj
 *fill*         0x08002b47        0x1 
 .rodata.rt_show_version.str1.4
                0x08002b48       0x86 CMakeFiles/RTOS_cmake.elf.dir/RTOS/src/kservice.c.obj
 *fill*         0x08002bce        0x2 
 .rodata.__lowest_bit_bitmap
                0x08002bd0      0x100 CMakeFiles/RTOS_cmake.elf.dir/RTOS/src/kservice.c.obj
                0x08002bd0                __lowest_bit_bitmap
 .rodata.large_digits.2
                0x08002cd0       0x11 CMakeFiles/RTOS_cmake.elf.dir/RTOS/src/kservice.c.obj
 *fill*         0x08002ce1        0x3 
 .rodata.small_digits.1
                0x08002ce4       0x11 CMakeFiles/RTOS_cmake.elf.dir/RTOS/src/kservice.c.obj
 *fill*         0x08002cf5        0x3 
 .rodata.rt_system_heap_init.str1.4
                0x08002cf8       0x42 CMakeFiles/RTOS_cmake.elf.dir/RTOS/src/mem.c.obj
 *fill*         0x08002d3a        0x2 
 .rodata.rt_free.str1.4
                0x08002d3c       0x4c CMakeFiles/RTOS_cmake.elf.dir/RTOS/src/mem.c.obj
 .rodata._global_impure_ptr
                0x08002d88        0x4 e:/paopaozhipath/gcc-arm-none-eabi-10.3-2021.10/bin/../lib/gcc/arm-none-eabi/10.3.1/../../../../arm-none-eabi/lib/thumb/v7-m/nofp\libg.a(lib_a-impure.o)
                0x08002d88                _global_impure_ptr
                0x08002d8c                . = ALIGN (0x4)

.rti_fn.0.end   0x08002d8c        0x4
 .rti_fn.0.end  0x08002d8c        0x4 CMakeFiles/RTOS_cmake.elf.dir/RTOS/src/components.c.obj
                0x08002d8c                __rt_init_rti_board_start

.rti_fn.1.end   0x08002d90        0x4
 .rti_fn.1.end  0x08002d90        0x4 CMakeFiles/RTOS_cmake.elf.dir/RTOS/src/components.c.obj
                0x08002d90                __rt_init_rti_board_end

.rti_fn.6.end   0x08002d94        0x4
 .rti_fn.6.end  0x08002d94        0x4 CMakeFiles/RTOS_cmake.elf.dir/RTOS/src/components.c.obj
                0x08002d94                __rt_init_rti_end

.rel.dyn        0x08002d98        0x0
 .rel.iplt      0x08002d98        0x0 e:/paopaozhipath/gcc-arm-none-eabi-10.3-2021.10/bin/../lib/gcc/arm-none-eabi/10.3.1/thumb/v7-m/nofp/crtbegin.o

.ARM.extab
 *(.ARM.extab* .gnu.linkonce.armextab.*)

.ARM            0x08002d98        0x0
                0x08002d98                __exidx_start = .
 *(.ARM.exidx*)
                0x08002d98                __exidx_end = .

.preinit_array  0x08002d98        0x0
                0x08002d98                PROVIDE (__preinit_array_start = .)
 *(.preinit_array*)
                0x08002d98                PROVIDE (__preinit_array_end = .)

.init_array     0x08002d98        0x8
                0x08002d98                PROVIDE (__init_array_start = .)
 *(SORT_BY_NAME(.init_array.*))
 .init_array.00000
                0x08002d98        0x4 e:/paopaozhipath/gcc-arm-none-eabi-10.3-2021.10/bin/../lib/gcc/arm-none-eabi/10.3.1/../../../../arm-none-eabi/lib/thumb/v7-m/nofp\libg.a(lib_a-__call_atexit.o)
 *(.init_array*)
 .init_array    0x08002d9c        0x4 e:/paopaozhipath/gcc-arm-none-eabi-10.3-2021.10/bin/../lib/gcc/arm-none-eabi/10.3.1/thumb/v7-m/nofp/crtbegin.o
                0x08002da0                PROVIDE (__init_array_end = .)

.fini_array     0x08002da0        0x4
                0x08002da0                PROVIDE (__fini_array_start = .)
 *(SORT_BY_NAME(.fini_array.*))
 *(.fini_array*)
 .fini_array    0x08002da0        0x4 e:/paopaozhipath/gcc-arm-none-eabi-10.3-2021.10/bin/../lib/gcc/arm-none-eabi/10.3.1/thumb/v7-m/nofp/crtbegin.o
                0x08002da4                PROVIDE (__fini_array_end = .)
                0x08002da4                _sidata = LOADADDR (.data)

.data           0x20000000      0x47c load address 0x08002da4
                0x20000000                . = ALIGN (0x4)
                0x20000000                _sdata = .
 *(.data)
 *(.data*)
 .data.SystemCoreClock
                0x20000000        0x4 CMakeFiles/RTOS_cmake.elf.dir/Core/Src/system_stm32f1xx.c.obj
                0x20000000                SystemCoreClock
 .data.uwTickFreq
                0x20000004        0x1 CMakeFiles/RTOS_cmake.elf.dir/Drivers/STM32F1xx_HAL_Driver/Src/stm32f1xx_hal.c.obj
                0x20000004                uwTickFreq
 *fill*         0x20000005        0x3 
 .data.uwTickPrio
                0x20000008        0x4 CMakeFiles/RTOS_cmake.elf.dir/Drivers/STM32F1xx_HAL_Driver/Src/stm32f1xx_hal.c.obj
                0x20000008                uwTickPrio
 .data.rt_object_container
                0x2000000c       0x40 CMakeFiles/RTOS_cmake.elf.dir/RTOS/src/object.c.obj
 *fill*         0x2000004c        0x4 
 .data.impure_data
                0x20000050      0x428 e:/paopaozhipath/gcc-arm-none-eabi-10.3-2021.10/bin/../lib/gcc/arm-none-eabi/10.3.1/../../../../arm-none-eabi/lib/thumb/v7-m/nofp\libg.a(lib_a-impure.o)
 .data.__atexit_recursive_mutex
                0x20000478        0x4 e:/paopaozhipath/gcc-arm-none-eabi-10.3-2021.10/bin/../lib/gcc/arm-none-eabi/10.3.1/../../../../arm-none-eabi/lib/thumb/v7-m/nofp\libg.a(lib_a-__call_atexit.o)
                0x20000478                __atexit_recursive_mutex
                0x2000047c                . = ALIGN (0x4)
                0x2000047c                _edata = .

.igot.plt       0x2000047c        0x0 load address 0x08003220
 .igot.plt      0x2000047c        0x0 e:/paopaozhipath/gcc-arm-none-eabi-10.3-2021.10/bin/../lib/gcc/arm-none-eabi/10.3.1/thumb/v7-m/nofp/crtbegin.o
                0x2000047c                . = ALIGN (0x4)

.bss            0x2000047c     0x1650 load address 0x08003220
                0x2000047c                _sbss = .
                0x2000047c                __bss_start__ = _sbss
 *(.bss)
 .bss           0x2000047c       0x1c e:/paopaozhipath/gcc-arm-none-eabi-10.3-2021.10/bin/../lib/gcc/arm-none-eabi/10.3.1/thumb/v7-m/nofp/crtbegin.o
 *(.bss*)
 .bss.thread1   0x20000498       0x78 CMakeFiles/RTOS_cmake.elf.dir/Core/Src/main.c.obj
 .bss.thread1_stack
                0x20000510      0x200 CMakeFiles/RTOS_cmake.elf.dir/Core/Src/main.c.obj
 .bss.thread2_ptr
                0x20000710        0x4 CMakeFiles/RTOS_cmake.elf.dir/Core/Src/main.c.obj
                0x20000710                thread2_ptr
 .bss.huart1    0x20000714       0x44 CMakeFiles/RTOS_cmake.elf.dir/Core/Src/usart.c.obj
                0x20000714                huart1
 .bss.uwTick    0x20000758        0x4 CMakeFiles/RTOS_cmake.elf.dir/Drivers/STM32F1xx_HAL_Driver/Src/stm32f1xx_hal.c.obj
                0x20000758                uwTick
 .bss.rt_heap   0x2000075c     0x1000 CMakeFiles/RTOS_cmake.elf.dir/RTOS/bsp/board.c.obj
 .bss.rt_exception_hook
                0x2000175c        0x4 CMakeFiles/RTOS_cmake.elf.dir/RTOS/libcpu/arm/cortex-m3/cpuport.c.obj
 .bss.rt_interrupt_from_thread
                0x20001760        0x4 CMakeFiles/RTOS_cmake.elf.dir/RTOS/libcpu/arm/cortex-m3/cpuport.c.obj
                0x20001760                rt_interrupt_from_thread
 .bss.rt_interrupt_to_thread
                0x20001764        0x4 CMakeFiles/RTOS_cmake.elf.dir/RTOS/libcpu/arm/cortex-m3/cpuport.c.obj
                0x20001764                rt_interrupt_to_thread
 .bss.rt_thread_switch_interrupt_flag
                0x20001768        0x4 CMakeFiles/RTOS_cmake.elf.dir/RTOS/libcpu/arm/cortex-m3/cpuport.c.obj
                0x20001768                rt_thread_switch_interrupt_flag
 .bss.rt_tick   0x2000176c        0x4 CMakeFiles/RTOS_cmake.elf.dir/RTOS/src/clock.c.obj
 .bss.idle      0x20001770       0x78 CMakeFiles/RTOS_cmake.elf.dir/RTOS/src/idle.c.obj
 .bss.rt_thread_stack
                0x200017e8      0x100 CMakeFiles/RTOS_cmake.elf.dir/RTOS/src/idle.c.obj
 .bss.rt_interrupt_nest
                0x200018e8        0x1 CMakeFiles/RTOS_cmake.elf.dir/RTOS/src/irq.c.obj
                0x200018e8                rt_interrupt_nest
 *fill*         0x200018e9        0x3 
 .bss.rt_log_buf.0
                0x200018ec       0x80 CMakeFiles/RTOS_cmake.elf.dir/RTOS/src/kservice.c.obj
 .bss.heap_end  0x2000196c        0x4 CMakeFiles/RTOS_cmake.elf.dir/RTOS/src/mem.c.obj
 .bss.heap_ptr  0x20001970        0x4 CMakeFiles/RTOS_cmake.elf.dir/RTOS/src/mem.c.obj
 .bss.heap_sem  0x20001974       0x20 CMakeFiles/RTOS_cmake.elf.dir/RTOS/src/mem.c.obj
 .bss.lfree     0x20001994        0x4 CMakeFiles/RTOS_cmake.elf.dir/RTOS/src/mem.c.obj
 .bss.max_mem   0x20001998        0x4 CMakeFiles/RTOS_cmake.elf.dir/RTOS/src/mem.c.obj
 .bss.mem_size_aligned
                0x2000199c        0x4 CMakeFiles/RTOS_cmake.elf.dir/RTOS/src/mem.c.obj
 .bss.used_mem  0x200019a0        0x4 CMakeFiles/RTOS_cmake.elf.dir/RTOS/src/mem.c.obj
 .bss.rt_current_priority
                0x200019a4        0x1 CMakeFiles/RTOS_cmake.elf.dir/RTOS/src/scheduler.c.obj
                0x200019a4                rt_current_priority
 *fill*         0x200019a5        0x3 
 .bss.rt_current_thread
                0x200019a8        0x4 CMakeFiles/RTOS_cmake.elf.dir/RTOS/src/scheduler.c.obj
                0x200019a8                rt_current_thread
 .bss.rt_scheduler_lock_nest
                0x200019ac        0x2 CMakeFiles/RTOS_cmake.elf.dir/RTOS/src/scheduler.c.obj
 *fill*         0x200019ae        0x2 
 .bss.rt_thread_defunct
                0x200019b0        0x8 CMakeFiles/RTOS_cmake.elf.dir/RTOS/src/scheduler.c.obj
                0x200019b0                rt_thread_defunct
 .bss.rt_thread_priority_table
                0x200019b8      0x100 CMakeFiles/RTOS_cmake.elf.dir/RTOS/src/scheduler.c.obj
                0x200019b8                rt_thread_priority_table
 .bss.rt_thread_ready_priority_group
                0x20001ab8        0x4 CMakeFiles/RTOS_cmake.elf.dir/RTOS/src/scheduler.c.obj
                0x20001ab8                rt_thread_ready_priority_group
 .bss.random_nr.0
                0x20001abc        0x4 CMakeFiles/RTOS_cmake.elf.dir/RTOS/src/timer.c.obj
 .bss.rt_timer_list
                0x20001ac0        0x8 CMakeFiles/RTOS_cmake.elf.dir/RTOS/src/timer.c.obj
 .bss.__lock___atexit_recursive_mutex
                0x20001ac8        0x1 e:/paopaozhipath/gcc-arm-none-eabi-10.3-2021.10/bin/../lib/gcc/arm-none-eabi/10.3.1/../../../../arm-none-eabi/lib/thumb/v7-m/nofp\libg.a(lib_a-lock.o)
                0x20001ac8                __lock___atexit_recursive_mutex
 *(COMMON)
                0x20001acc                . = ALIGN (0x4)
 *fill*         0x20001ac9        0x3 
                0x20001acc                _ebss = .
                0x20001acc                __bss_end__ = _ebss

._user_heap_stack
                0x20001acc      0xa04 load address 0x08003220
                0x20001ad0                . = ALIGN (0x8)
 *fill*         0x20001acc        0x4 
                0x20001ad0                PROVIDE (end = .)
                [!provide]                PROVIDE (_end = .)
                0x20001cd0                . = (. + _Min_Heap_Size)
 *fill*         0x20001ad0      0x200 
                0x200024d0                . = (. + _Min_Stack_Size)
 *fill*         0x20001cd0      0x800 
                0x200024d0                . = ALIGN (0x8)

/DISCARD/
 libc.a(*)
 libm.a(*)
 libgcc.a(*)

.ARM.attributes
                0x00000000       0x29
 *(.ARM.attributes)
 .ARM.attributes
                0x00000000       0x1d e:/paopaozhipath/gcc-arm-none-eabi-10.3-2021.10/bin/../lib/gcc/arm-none-eabi/10.3.1/thumb/v7-m/nofp/crti.o
 .ARM.attributes
                0x0000001d       0x2d e:/paopaozhipath/gcc-arm-none-eabi-10.3-2021.10/bin/../lib/gcc/arm-none-eabi/10.3.1/thumb/v7-m/nofp/crtbegin.o
 .ARM.attributes
                0x0000004a       0x2d CMakeFiles/RTOS_cmake.elf.dir/Core/Src/gpio.c.obj
 .ARM.attributes
                0x00000077       0x2d CMakeFiles/RTOS_cmake.elf.dir/Core/Src/main.c.obj
 .ARM.attributes
                0x000000a4       0x2d CMakeFiles/RTOS_cmake.elf.dir/Core/Src/stm32f1xx_hal_msp.c.obj
 .ARM.attributes
                0x000000d1       0x2d CMakeFiles/RTOS_cmake.elf.dir/Core/Src/stm32f1xx_it.c.obj
 .ARM.attributes
                0x000000fe       0x2d CMakeFiles/RTOS_cmake.elf.dir/Core/Src/system_stm32f1xx.c.obj
 .ARM.attributes
                0x0000012b       0x2d CMakeFiles/RTOS_cmake.elf.dir/Core/Src/usart.c.obj
 .ARM.attributes
                0x00000158       0x2d CMakeFiles/RTOS_cmake.elf.dir/Drivers/STM32F1xx_HAL_Driver/Src/stm32f1xx_hal.c.obj
 .ARM.attributes
                0x00000185       0x2d CMakeFiles/RTOS_cmake.elf.dir/Drivers/STM32F1xx_HAL_Driver/Src/stm32f1xx_hal_cortex.c.obj
 .ARM.attributes
                0x000001b2       0x2d CMakeFiles/RTOS_cmake.elf.dir/Drivers/STM32F1xx_HAL_Driver/Src/stm32f1xx_hal_gpio.c.obj
 .ARM.attributes
                0x000001df       0x2d CMakeFiles/RTOS_cmake.elf.dir/Drivers/STM32F1xx_HAL_Driver/Src/stm32f1xx_hal_rcc.c.obj
 .ARM.attributes
                0x0000020c       0x2d CMakeFiles/RTOS_cmake.elf.dir/Drivers/STM32F1xx_HAL_Driver/Src/stm32f1xx_hal_uart.c.obj
 .ARM.attributes
                0x00000239       0x21 CMakeFiles/RTOS_cmake.elf.dir/startup/startup_stm32f103xb.s.obj
 .ARM.attributes
                0x0000025a       0x2d CMakeFiles/RTOS_cmake.elf.dir/RTOS/bsp/board.c.obj
 .ARM.attributes
                0x00000287       0x21 CMakeFiles/RTOS_cmake.elf.dir/RTOS/libcpu/arm/cortex-m3/context_gcc.S.obj
 .ARM.attributes
                0x000002a8       0x2d CMakeFiles/RTOS_cmake.elf.dir/RTOS/libcpu/arm/cortex-m3/cpuport.c.obj
 .ARM.attributes
                0x000002d5       0x2d CMakeFiles/RTOS_cmake.elf.dir/RTOS/src/clock.c.obj
 .ARM.attributes
                0x00000302       0x2d CMakeFiles/RTOS_cmake.elf.dir/RTOS/src/components.c.obj
 .ARM.attributes
                0x0000032f       0x2d CMakeFiles/RTOS_cmake.elf.dir/RTOS/src/idle.c.obj
 .ARM.attributes
                0x0000035c       0x2d CMakeFiles/RTOS_cmake.elf.dir/RTOS/src/ipc.c.obj
 .ARM.attributes
                0x00000389       0x2d CMakeFiles/RTOS_cmake.elf.dir/RTOS/src/irq.c.obj
 .ARM.attributes
                0x000003b6       0x2d CMakeFiles/RTOS_cmake.elf.dir/RTOS/src/kservice.c.obj
 .ARM.attributes
                0x000003e3       0x2d CMakeFiles/RTOS_cmake.elf.dir/RTOS/src/mem.c.obj
 .ARM.attributes
                0x00000410       0x2d CMakeFiles/RTOS_cmake.elf.dir/RTOS/src/object.c.obj
 .ARM.attributes
                0x0000043d       0x2d CMakeFiles/RTOS_cmake.elf.dir/RTOS/src/scheduler.c.obj
 .ARM.attributes
                0x0000046a       0x2d CMakeFiles/RTOS_cmake.elf.dir/RTOS/src/thread.c.obj
 .ARM.attributes
                0x00000497       0x2d CMakeFiles/RTOS_cmake.elf.dir/RTOS/src/timer.c.obj
 .ARM.attributes
                0x000004c4       0x2d e:/paopaozhipath/gcc-arm-none-eabi-10.3-2021.10/bin/../lib/gcc/arm-none-eabi/10.3.1/../../../../arm-none-eabi/lib/thumb/v7-m/nofp\libg.a(lib_a-impure.o)
 .ARM.attributes
                0x000004f1       0x2d e:/paopaozhipath/gcc-arm-none-eabi-10.3-2021.10/bin/../lib/gcc/arm-none-eabi/10.3.1/../../../../arm-none-eabi/lib/thumb/v7-m/nofp\libg.a(lib_a-init.o)
 .ARM.attributes
                0x0000051e       0x2d e:/paopaozhipath/gcc-arm-none-eabi-10.3-2021.10/bin/../lib/gcc/arm-none-eabi/10.3.1/../../../../arm-none-eabi/lib/thumb/v7-m/nofp\libg.a(lib_a-memset.o)
 .ARM.attributes
                0x0000054b       0x2d e:/paopaozhipath/gcc-arm-none-eabi-10.3-2021.10/bin/../lib/gcc/arm-none-eabi/10.3.1/../../../../arm-none-eabi/lib/thumb/v7-m/nofp\libg.a(lib_a-__call_atexit.o)
 .ARM.attributes
                0x00000578       0x2d e:/paopaozhipath/gcc-arm-none-eabi-10.3-2021.10/bin/../lib/gcc/arm-none-eabi/10.3.1/../../../../arm-none-eabi/lib/thumb/v7-m/nofp\libg.a(lib_a-atexit.o)
 .ARM.attributes
                0x000005a5       0x2d e:/paopaozhipath/gcc-arm-none-eabi-10.3-2021.10/bin/../lib/gcc/arm-none-eabi/10.3.1/../../../../arm-none-eabi/lib/thumb/v7-m/nofp\libg.a(lib_a-fini.o)
 .ARM.attributes
                0x000005d2       0x2d e:/paopaozhipath/gcc-arm-none-eabi-10.3-2021.10/bin/../lib/gcc/arm-none-eabi/10.3.1/../../../../arm-none-eabi/lib/thumb/v7-m/nofp\libg.a(lib_a-lock.o)
 .ARM.attributes
                0x000005ff       0x2d e:/paopaozhipath/gcc-arm-none-eabi-10.3-2021.10/bin/../lib/gcc/arm-none-eabi/10.3.1/../../../../arm-none-eabi/lib/thumb/v7-m/nofp\libg.a(lib_a-__atexit.o)
 .ARM.attributes
                0x0000062c       0x1d e:/paopaozhipath/gcc-arm-none-eabi-10.3-2021.10/bin/../lib/gcc/arm-none-eabi/10.3.1/thumb/v7-m/nofp/crtn.o
OUTPUT(RTOS_cmake.elf elf32-littlearm)
LOAD linker stubs
LOAD e:/paopaozhipath/gcc-arm-none-eabi-10.3-2021.10/bin/../lib/gcc/arm-none-eabi/10.3.1/../../../../arm-none-eabi/lib/thumb/v7-m/nofp\libc.a
LOAD e:/paopaozhipath/gcc-arm-none-eabi-10.3-2021.10/bin/../lib/gcc/arm-none-eabi/10.3.1/../../../../arm-none-eabi/lib/thumb/v7-m/nofp\libm.a
LOAD e:/paopaozhipath/gcc-arm-none-eabi-10.3-2021.10/bin/../lib/gcc/arm-none-eabi/10.3.1/thumb/v7-m/nofp\libgcc.a

.debug_info     0x00000000     0xdb4b
 .debug_info    0x00000000      0x2f3 CMakeFiles/RTOS_cmake.elf.dir/Core/Src/gpio.c.obj
 .debug_info    0x000002f3      0x691 CMakeFiles/RTOS_cmake.elf.dir/Core/Src/main.c.obj
 .debug_info    0x00000984      0x211 CMakeFiles/RTOS_cmake.elf.dir/Core/Src/stm32f1xx_hal_msp.c.obj
 .debug_info    0x00000b95       0xdf CMakeFiles/RTOS_cmake.elf.dir/Core/Src/stm32f1xx_it.c.obj
 .debug_info    0x00000c74      0x248 CMakeFiles/RTOS_cmake.elf.dir/Core/Src/system_stm32f1xx.c.obj
 .debug_info    0x00000ebc      0x860 CMakeFiles/RTOS_cmake.elf.dir/Core/Src/usart.c.obj
 .debug_info    0x0000171c      0x7a8 CMakeFiles/RTOS_cmake.elf.dir/Drivers/STM32F1xx_HAL_Driver/Src/stm32f1xx_hal.c.obj
 .debug_info    0x00001ec4      0xd8a CMakeFiles/RTOS_cmake.elf.dir/Drivers/STM32F1xx_HAL_Driver/Src/stm32f1xx_hal_cortex.c.obj
 .debug_info    0x00002c4e      0x66f CMakeFiles/RTOS_cmake.elf.dir/Drivers/STM32F1xx_HAL_Driver/Src/stm32f1xx_hal_gpio.c.obj
 .debug_info    0x000032bd      0xa36 CMakeFiles/RTOS_cmake.elf.dir/Drivers/STM32F1xx_HAL_Driver/Src/stm32f1xx_hal_rcc.c.obj
 .debug_info    0x00003cf3     0x1c8b CMakeFiles/RTOS_cmake.elf.dir/Drivers/STM32F1xx_HAL_Driver/Src/stm32f1xx_hal_uart.c.obj
 .debug_info    0x0000597e       0x22 CMakeFiles/RTOS_cmake.elf.dir/startup/startup_stm32f103xb.s.obj
 .debug_info    0x000059a0      0x964 CMakeFiles/RTOS_cmake.elf.dir/RTOS/bsp/board.c.obj
 .debug_info    0x00006304       0x26 CMakeFiles/RTOS_cmake.elf.dir/RTOS/libcpu/arm/cortex-m3/context_gcc.S.obj
 .debug_info    0x0000632a      0x56f CMakeFiles/RTOS_cmake.elf.dir/RTOS/libcpu/arm/cortex-m3/cpuport.c.obj
 .debug_info    0x00006899      0x475 CMakeFiles/RTOS_cmake.elf.dir/RTOS/src/clock.c.obj
 .debug_info    0x00006d0e      0x61a CMakeFiles/RTOS_cmake.elf.dir/RTOS/src/components.c.obj
 .debug_info    0x00007328      0x59d CMakeFiles/RTOS_cmake.elf.dir/RTOS/src/idle.c.obj
 .debug_info    0x000078c5     0x14e3 CMakeFiles/RTOS_cmake.elf.dir/RTOS/src/ipc.c.obj
 .debug_info    0x00008da8      0x190 CMakeFiles/RTOS_cmake.elf.dir/RTOS/src/irq.c.obj
 .debug_info    0x00008f38     0x134b CMakeFiles/RTOS_cmake.elf.dir/RTOS/src/kservice.c.obj
 .debug_info    0x0000a283      0x7f1 CMakeFiles/RTOS_cmake.elf.dir/RTOS/src/mem.c.obj
 .debug_info    0x0000aa74      0x960 CMakeFiles/RTOS_cmake.elf.dir/RTOS/src/object.c.obj
 .debug_info    0x0000b3d4      0x7d6 CMakeFiles/RTOS_cmake.elf.dir/RTOS/src/scheduler.c.obj
 .debug_info    0x0000bbaa     0x129d CMakeFiles/RTOS_cmake.elf.dir/RTOS/src/thread.c.obj
 .debug_info    0x0000ce47      0xd04 CMakeFiles/RTOS_cmake.elf.dir/RTOS/src/timer.c.obj

.debug_abbrev   0x00000000     0x3214
 .debug_abbrev  0x00000000      0x13c CMakeFiles/RTOS_cmake.elf.dir/Core/Src/gpio.c.obj
 .debug_abbrev  0x0000013c      0x1f1 CMakeFiles/RTOS_cmake.elf.dir/Core/Src/main.c.obj
 .debug_abbrev  0x0000032d       0xe5 CMakeFiles/RTOS_cmake.elf.dir/Core/Src/stm32f1xx_hal_msp.c.obj
 .debug_abbrev  0x00000412       0x44 CMakeFiles/RTOS_cmake.elf.dir/Core/Src/stm32f1xx_it.c.obj
 .debug_abbrev  0x00000456      0x13e CMakeFiles/RTOS_cmake.elf.dir/Core/Src/system_stm32f1xx.c.obj
 .debug_abbrev  0x00000594      0x202 CMakeFiles/RTOS_cmake.elf.dir/Core/Src/usart.c.obj
 .debug_abbrev  0x00000796      0x1f4 CMakeFiles/RTOS_cmake.elf.dir/Drivers/STM32F1xx_HAL_Driver/Src/stm32f1xx_hal.c.obj
 .debug_abbrev  0x0000098a      0x341 CMakeFiles/RTOS_cmake.elf.dir/Drivers/STM32F1xx_HAL_Driver/Src/stm32f1xx_hal_cortex.c.obj
 .debug_abbrev  0x00000ccb      0x1e6 CMakeFiles/RTOS_cmake.elf.dir/Drivers/STM32F1xx_HAL_Driver/Src/stm32f1xx_hal_gpio.c.obj
 .debug_abbrev  0x00000eb1      0x27a CMakeFiles/RTOS_cmake.elf.dir/Drivers/STM32F1xx_HAL_Driver/Src/stm32f1xx_hal_rcc.c.obj
 .debug_abbrev  0x0000112b      0x254 CMakeFiles/RTOS_cmake.elf.dir/Drivers/STM32F1xx_HAL_Driver/Src/stm32f1xx_hal_uart.c.obj
 .debug_abbrev  0x0000137f       0x12 CMakeFiles/RTOS_cmake.elf.dir/startup/startup_stm32f103xb.s.obj
 .debug_abbrev  0x00001391      0x1eb CMakeFiles/RTOS_cmake.elf.dir/RTOS/bsp/board.c.obj
 .debug_abbrev  0x0000157c       0x14 CMakeFiles/RTOS_cmake.elf.dir/RTOS/libcpu/arm/cortex-m3/context_gcc.S.obj
 .debug_abbrev  0x00001590      0x237 CMakeFiles/RTOS_cmake.elf.dir/RTOS/libcpu/arm/cortex-m3/cpuport.c.obj
 .debug_abbrev  0x000017c7      0x188 CMakeFiles/RTOS_cmake.elf.dir/RTOS/src/clock.c.obj
 .debug_abbrev  0x0000194f      0x1e2 CMakeFiles/RTOS_cmake.elf.dir/RTOS/src/components.c.obj
 .debug_abbrev  0x00001b31      0x227 CMakeFiles/RTOS_cmake.elf.dir/RTOS/src/idle.c.obj
 .debug_abbrev  0x00001d58      0x2d3 CMakeFiles/RTOS_cmake.elf.dir/RTOS/src/ipc.c.obj
 .debug_abbrev  0x0000202b       0xd3 CMakeFiles/RTOS_cmake.elf.dir/RTOS/src/irq.c.obj
 .debug_abbrev  0x000020fe      0x39d CMakeFiles/RTOS_cmake.elf.dir/RTOS/src/kservice.c.obj
 .debug_abbrev  0x0000249b      0x20b CMakeFiles/RTOS_cmake.elf.dir/RTOS/src/mem.c.obj
 .debug_abbrev  0x000026a6      0x24a CMakeFiles/RTOS_cmake.elf.dir/RTOS/src/object.c.obj
 .debug_abbrev  0x000028f0      0x25c CMakeFiles/RTOS_cmake.elf.dir/RTOS/src/scheduler.c.obj
 .debug_abbrev  0x00002b4c      0x2e5 CMakeFiles/RTOS_cmake.elf.dir/RTOS/src/thread.c.obj
 .debug_abbrev  0x00002e31      0x3e3 CMakeFiles/RTOS_cmake.elf.dir/RTOS/src/timer.c.obj

.debug_aranges  0x00000000      0xb18
 .debug_aranges
                0x00000000       0x20 CMakeFiles/RTOS_cmake.elf.dir/Core/Src/gpio.c.obj
 .debug_aranges
                0x00000020       0x38 CMakeFiles/RTOS_cmake.elf.dir/Core/Src/main.c.obj
 .debug_aranges
                0x00000058       0x20 CMakeFiles/RTOS_cmake.elf.dir/Core/Src/stm32f1xx_hal_msp.c.obj
 .debug_aranges
                0x00000078       0x48 CMakeFiles/RTOS_cmake.elf.dir/Core/Src/stm32f1xx_it.c.obj
 .debug_aranges
                0x000000c0       0x28 CMakeFiles/RTOS_cmake.elf.dir/Core/Src/system_stm32f1xx.c.obj
 .debug_aranges
                0x000000e8       0x30 CMakeFiles/RTOS_cmake.elf.dir/Core/Src/usart.c.obj
 .debug_aranges
                0x00000118       0xe0 CMakeFiles/RTOS_cmake.elf.dir/Drivers/STM32F1xx_HAL_Driver/Src/stm32f1xx_hal.c.obj
 .debug_aranges
                0x000001f8       0x90 CMakeFiles/RTOS_cmake.elf.dir/Drivers/STM32F1xx_HAL_Driver/Src/stm32f1xx_hal_cortex.c.obj
 .debug_aranges
                0x00000288       0x58 CMakeFiles/RTOS_cmake.elf.dir/Drivers/STM32F1xx_HAL_Driver/Src/stm32f1xx_hal_gpio.c.obj
 .debug_aranges
                0x000002e0       0x90 CMakeFiles/RTOS_cmake.elf.dir/Drivers/STM32F1xx_HAL_Driver/Src/stm32f1xx_hal_rcc.c.obj
 .debug_aranges
                0x00000370      0x200 CMakeFiles/RTOS_cmake.elf.dir/Drivers/STM32F1xx_HAL_Driver/Src/stm32f1xx_hal_uart.c.obj
 .debug_aranges
                0x00000570       0x28 CMakeFiles/RTOS_cmake.elf.dir/startup/startup_stm32f103xb.s.obj
 .debug_aranges
                0x00000598       0x48 CMakeFiles/RTOS_cmake.elf.dir/RTOS/bsp/board.c.obj
 .debug_aranges
                0x000005e0       0x20 CMakeFiles/RTOS_cmake.elf.dir/RTOS/libcpu/arm/cortex-m3/context_gcc.S.obj
 .debug_aranges
                0x00000600       0x40 CMakeFiles/RTOS_cmake.elf.dir/RTOS/libcpu/arm/cortex-m3/cpuport.c.obj
 .debug_aranges
                0x00000640       0x40 CMakeFiles/RTOS_cmake.elf.dir/RTOS/src/clock.c.obj
 .debug_aranges
                0x00000680       0x68 CMakeFiles/RTOS_cmake.elf.dir/RTOS/src/components.c.obj
 .debug_aranges
                0x000006e8       0x38 CMakeFiles/RTOS_cmake.elf.dir/RTOS/src/idle.c.obj
 .debug_aranges
                0x00000720       0x90 CMakeFiles/RTOS_cmake.elf.dir/RTOS/src/ipc.c.obj
 .debug_aranges
                0x000007b0       0x30 CMakeFiles/RTOS_cmake.elf.dir/RTOS/src/irq.c.obj
 .debug_aranges
                0x000007e0       0xf0 CMakeFiles/RTOS_cmake.elf.dir/RTOS/src/kservice.c.obj
 .debug_aranges
                0x000008d0       0x50 CMakeFiles/RTOS_cmake.elf.dir/RTOS/src/mem.c.obj
 .debug_aranges
                0x00000920       0x70 CMakeFiles/RTOS_cmake.elf.dir/RTOS/src/object.c.obj
 .debug_aranges
                0x00000990       0x58 CMakeFiles/RTOS_cmake.elf.dir/RTOS/src/scheduler.c.obj
 .debug_aranges
                0x000009e8       0xb0 CMakeFiles/RTOS_cmake.elf.dir/RTOS/src/thread.c.obj
 .debug_aranges
                0x00000a98       0x80 CMakeFiles/RTOS_cmake.elf.dir/RTOS/src/timer.c.obj

.debug_ranges   0x00000000      0xb10
 .debug_ranges  0x00000000       0x10 CMakeFiles/RTOS_cmake.elf.dir/Core/Src/gpio.c.obj
 .debug_ranges  0x00000010       0x28 CMakeFiles/RTOS_cmake.elf.dir/Core/Src/main.c.obj
 .debug_ranges  0x00000038       0x10 CMakeFiles/RTOS_cmake.elf.dir/Core/Src/stm32f1xx_hal_msp.c.obj
 .debug_ranges  0x00000048       0x38 CMakeFiles/RTOS_cmake.elf.dir/Core/Src/stm32f1xx_it.c.obj
 .debug_ranges  0x00000080       0x18 CMakeFiles/RTOS_cmake.elf.dir/Core/Src/system_stm32f1xx.c.obj
 .debug_ranges  0x00000098       0x20 CMakeFiles/RTOS_cmake.elf.dir/Core/Src/usart.c.obj
 .debug_ranges  0x000000b8       0xd0 CMakeFiles/RTOS_cmake.elf.dir/Drivers/STM32F1xx_HAL_Driver/Src/stm32f1xx_hal.c.obj
 .debug_ranges  0x00000188       0xe0 CMakeFiles/RTOS_cmake.elf.dir/Drivers/STM32F1xx_HAL_Driver/Src/stm32f1xx_hal_cortex.c.obj
 .debug_ranges  0x00000268       0x48 CMakeFiles/RTOS_cmake.elf.dir/Drivers/STM32F1xx_HAL_Driver/Src/stm32f1xx_hal_gpio.c.obj
 .debug_ranges  0x000002b0       0xa0 CMakeFiles/RTOS_cmake.elf.dir/Drivers/STM32F1xx_HAL_Driver/Src/stm32f1xx_hal_rcc.c.obj
 .debug_ranges  0x00000350      0x1f0 CMakeFiles/RTOS_cmake.elf.dir/Drivers/STM32F1xx_HAL_Driver/Src/stm32f1xx_hal_uart.c.obj
 .debug_ranges  0x00000540       0x20 CMakeFiles/RTOS_cmake.elf.dir/startup/startup_stm32f103xb.s.obj
 .debug_ranges  0x00000560       0x38 CMakeFiles/RTOS_cmake.elf.dir/RTOS/bsp/board.c.obj
 .debug_ranges  0x00000598       0x30 CMakeFiles/RTOS_cmake.elf.dir/RTOS/libcpu/arm/cortex-m3/cpuport.c.obj
 .debug_ranges  0x000005c8       0x30 CMakeFiles/RTOS_cmake.elf.dir/RTOS/src/clock.c.obj
 .debug_ranges  0x000005f8       0x58 CMakeFiles/RTOS_cmake.elf.dir/RTOS/src/components.c.obj
 .debug_ranges  0x00000650       0x40 CMakeFiles/RTOS_cmake.elf.dir/RTOS/src/idle.c.obj
 .debug_ranges  0x00000690       0xb0 CMakeFiles/RTOS_cmake.elf.dir/RTOS/src/ipc.c.obj
 .debug_ranges  0x00000740       0x20 CMakeFiles/RTOS_cmake.elf.dir/RTOS/src/irq.c.obj
 .debug_ranges  0x00000760      0x128 CMakeFiles/RTOS_cmake.elf.dir/RTOS/src/kservice.c.obj
 .debug_ranges  0x00000888       0x40 CMakeFiles/RTOS_cmake.elf.dir/RTOS/src/mem.c.obj
 .debug_ranges  0x000008c8       0x60 CMakeFiles/RTOS_cmake.elf.dir/RTOS/src/object.c.obj
 .debug_ranges  0x00000928       0x60 CMakeFiles/RTOS_cmake.elf.dir/RTOS/src/scheduler.c.obj
 .debug_ranges  0x00000988       0xa0 CMakeFiles/RTOS_cmake.elf.dir/RTOS/src/thread.c.obj
 .debug_ranges  0x00000a28       0xe8 CMakeFiles/RTOS_cmake.elf.dir/RTOS/src/timer.c.obj

.debug_line     0x00000000     0x9872
 .debug_line    0x00000000      0x222 CMakeFiles/RTOS_cmake.elf.dir/Core/Src/gpio.c.obj
 .debug_line    0x00000222      0x386 CMakeFiles/RTOS_cmake.elf.dir/Core/Src/main.c.obj
 .debug_line    0x000005a8      0x1a6 CMakeFiles/RTOS_cmake.elf.dir/Core/Src/stm32f1xx_hal_msp.c.obj
 .debug_line    0x0000074e      0x118 CMakeFiles/RTOS_cmake.elf.dir/Core/Src/stm32f1xx_it.c.obj
 .debug_line    0x00000866      0x270 CMakeFiles/RTOS_cmake.elf.dir/Core/Src/system_stm32f1xx.c.obj
 .debug_line    0x00000ad6      0x3a3 CMakeFiles/RTOS_cmake.elf.dir/Core/Src/usart.c.obj
 .debug_line    0x00000e79      0x5a4 CMakeFiles/RTOS_cmake.elf.dir/Drivers/STM32F1xx_HAL_Driver/Src/stm32f1xx_hal.c.obj
 .debug_line    0x0000141d      0x689 CMakeFiles/RTOS_cmake.elf.dir/Drivers/STM32F1xx_HAL_Driver/Src/stm32f1xx_hal_cortex.c.obj
 .debug_line    0x00001aa6      0x633 CMakeFiles/RTOS_cmake.elf.dir/Drivers/STM32F1xx_HAL_Driver/Src/stm32f1xx_hal_gpio.c.obj
 .debug_line    0x000020d9      0xc7c CMakeFiles/RTOS_cmake.elf.dir/Drivers/STM32F1xx_HAL_Driver/Src/stm32f1xx_hal_rcc.c.obj
 .debug_line    0x00002d55     0x210b CMakeFiles/RTOS_cmake.elf.dir/Drivers/STM32F1xx_HAL_Driver/Src/stm32f1xx_hal_uart.c.obj
 .debug_line    0x00004e60       0xa3 CMakeFiles/RTOS_cmake.elf.dir/startup/startup_stm32f103xb.s.obj
 .debug_line    0x00004f03      0x44e CMakeFiles/RTOS_cmake.elf.dir/RTOS/bsp/board.c.obj
 .debug_line    0x00005351       0xe8 CMakeFiles/RTOS_cmake.elf.dir/RTOS/libcpu/arm/cortex-m3/context_gcc.S.obj
 .debug_line    0x00005439      0x239 CMakeFiles/RTOS_cmake.elf.dir/RTOS/libcpu/arm/cortex-m3/cpuport.c.obj
 .debug_line    0x00005672      0x194 CMakeFiles/RTOS_cmake.elf.dir/RTOS/src/clock.c.obj
 .debug_line    0x00005806      0x234 CMakeFiles/RTOS_cmake.elf.dir/RTOS/src/components.c.obj
 .debug_line    0x00005a3a      0x1b0 CMakeFiles/RTOS_cmake.elf.dir/RTOS/src/idle.c.obj
 .debug_line    0x00005bea      0xb34 CMakeFiles/RTOS_cmake.elf.dir/RTOS/src/ipc.c.obj
 .debug_line    0x0000671e      0x12d CMakeFiles/RTOS_cmake.elf.dir/RTOS/src/irq.c.obj
 .debug_line    0x0000684b     0x105d CMakeFiles/RTOS_cmake.elf.dir/RTOS/src/kservice.c.obj
 .debug_line    0x000078a8      0x673 CMakeFiles/RTOS_cmake.elf.dir/RTOS/src/mem.c.obj
 .debug_line    0x00007f1b      0x503 CMakeFiles/RTOS_cmake.elf.dir/RTOS/src/object.c.obj
 .debug_line    0x0000841e      0x3e9 CMakeFiles/RTOS_cmake.elf.dir/RTOS/src/scheduler.c.obj
 .debug_line    0x00008807      0x84d CMakeFiles/RTOS_cmake.elf.dir/RTOS/src/thread.c.obj
 .debug_line    0x00009054      0x81e CMakeFiles/RTOS_cmake.elf.dir/RTOS/src/timer.c.obj

.debug_str      0x00000000     0x333b
 .debug_str     0x00000000      0x276 CMakeFiles/RTOS_cmake.elf.dir/Core/Src/gpio.c.obj
                                0x2c1 (size before relaxing)
 .debug_str     0x00000276      0x21a CMakeFiles/RTOS_cmake.elf.dir/Core/Src/main.c.obj
                                0x441 (size before relaxing)
 .debug_str     0x00000490       0x7d CMakeFiles/RTOS_cmake.elf.dir/Core/Src/stm32f1xx_hal_msp.c.obj
                                0x263 (size before relaxing)
 .debug_str     0x0000050d       0x9d CMakeFiles/RTOS_cmake.elf.dir/Core/Src/stm32f1xx_it.c.obj
                                0x229 (size before relaxing)
 .debug_str     0x000005aa       0xab CMakeFiles/RTOS_cmake.elf.dir/Core/Src/system_stm32f1xx.c.obj
                                0x298 (size before relaxing)
 .debug_str     0x00000655      0x447 CMakeFiles/RTOS_cmake.elf.dir/Core/Src/usart.c.obj
                                0x709 (size before relaxing)
 .debug_str     0x00000a9c      0x630 CMakeFiles/RTOS_cmake.elf.dir/Drivers/STM32F1xx_HAL_Driver/Src/stm32f1xx_hal.c.obj
                                0x868 (size before relaxing)
 .debug_str     0x000010cc      0x3df CMakeFiles/RTOS_cmake.elf.dir/Drivers/STM32F1xx_HAL_Driver/Src/stm32f1xx_hal_cortex.c.obj
                                0x917 (size before relaxing)
 .debug_str     0x000014ab      0x12a CMakeFiles/RTOS_cmake.elf.dir/Drivers/STM32F1xx_HAL_Driver/Src/stm32f1xx_hal_gpio.c.obj
                                0x444 (size before relaxing)
 .debug_str     0x000015d5      0x346 CMakeFiles/RTOS_cmake.elf.dir/Drivers/STM32F1xx_HAL_Driver/Src/stm32f1xx_hal_rcc.c.obj
                                0x66f (size before relaxing)
 .debug_str     0x0000191b      0x65a CMakeFiles/RTOS_cmake.elf.dir/Drivers/STM32F1xx_HAL_Driver/Src/stm32f1xx_hal_uart.c.obj
                                0xcd2 (size before relaxing)
 .debug_str     0x00001f75       0x52 CMakeFiles/RTOS_cmake.elf.dir/startup/startup_stm32f103xb.s.obj
                                 0x8a (size before relaxing)
 .debug_str     0x00001fc7      0x142 CMakeFiles/RTOS_cmake.elf.dir/RTOS/bsp/board.c.obj
                                0x898 (size before relaxing)
 .debug_str     0x00002109       0x4e CMakeFiles/RTOS_cmake.elf.dir/RTOS/libcpu/arm/cortex-m3/context_gcc.S.obj
                                 0x94 (size before relaxing)
 .debug_str     0x00002157      0x184 CMakeFiles/RTOS_cmake.elf.dir/RTOS/libcpu/arm/cortex-m3/cpuport.c.obj
                                0x372 (size before relaxing)
 .debug_str     0x000022db       0xdd CMakeFiles/RTOS_cmake.elf.dir/RTOS/src/clock.c.obj
                                0x3f2 (size before relaxing)
 .debug_str     0x000023b8      0x17a CMakeFiles/RTOS_cmake.elf.dir/RTOS/src/components.c.obj
                                0x50d (size before relaxing)
 .debug_str     0x00002532       0xea CMakeFiles/RTOS_cmake.elf.dir/RTOS/src/idle.c.obj
                                0x449 (size before relaxing)
 .debug_str     0x0000261c      0x410 CMakeFiles/RTOS_cmake.elf.dir/RTOS/src/ipc.c.obj
                                0x76b (size before relaxing)
 .debug_str     0x00002a2c       0x5d CMakeFiles/RTOS_cmake.elf.dir/RTOS/src/irq.c.obj
                                0x25e (size before relaxing)
 .debug_str     0x00002a89      0x298 CMakeFiles/RTOS_cmake.elf.dir/RTOS/src/kservice.c.obj
                                0x632 (size before relaxing)
 .debug_str     0x00002d21      0x110 CMakeFiles/RTOS_cmake.elf.dir/RTOS/src/mem.c.obj
                                0x3d4 (size before relaxing)
 .debug_str     0x00002e31      0x1b1 CMakeFiles/RTOS_cmake.elf.dir/RTOS/src/object.c.obj
                                0x619 (size before relaxing)
 .debug_str     0x00002fe2      0x159 CMakeFiles/RTOS_cmake.elf.dir/RTOS/src/scheduler.c.obj
                                0x582 (size before relaxing)
 .debug_str     0x0000313b      0x10b CMakeFiles/RTOS_cmake.elf.dir/RTOS/src/thread.c.obj
                                0x7fd (size before relaxing)
 .debug_str     0x00003246       0xf5 CMakeFiles/RTOS_cmake.elf.dir/RTOS/src/timer.c.obj
                                0x5fb (size before relaxing)

.comment        0x00000000       0x49
 .comment       0x00000000       0x49 CMakeFiles/RTOS_cmake.elf.dir/Core/Src/gpio.c.obj
                                 0x4a (size before relaxing)
 .comment       0x00000049       0x4a CMakeFiles/RTOS_cmake.elf.dir/Core/Src/main.c.obj
 .comment       0x00000049       0x4a CMakeFiles/RTOS_cmake.elf.dir/Core/Src/stm32f1xx_hal_msp.c.obj
 .comment       0x00000049       0x4a CMakeFiles/RTOS_cmake.elf.dir/Core/Src/stm32f1xx_it.c.obj
 .comment       0x00000049       0x4a CMakeFiles/RTOS_cmake.elf.dir/Core/Src/system_stm32f1xx.c.obj
 .comment       0x00000049       0x4a CMakeFiles/RTOS_cmake.elf.dir/Core/Src/usart.c.obj
 .comment       0x00000049       0x4a CMakeFiles/RTOS_cmake.elf.dir/Drivers/STM32F1xx_HAL_Driver/Src/stm32f1xx_hal.c.obj
 .comment       0x00000049       0x4a CMakeFiles/RTOS_cmake.elf.dir/Drivers/STM32F1xx_HAL_Driver/Src/stm32f1xx_hal_cortex.c.obj
 .comment       0x00000049       0x4a CMakeFiles/RTOS_cmake.elf.dir/Drivers/STM32F1xx_HAL_Driver/Src/stm32f1xx_hal_gpio.c.obj
 .comment       0x00000049       0x4a CMakeFiles/RTOS_cmake.elf.dir/Drivers/STM32F1xx_HAL_Driver/Src/stm32f1xx_hal_rcc.c.obj
 .comment       0x00000049       0x4a CMakeFiles/RTOS_cmake.elf.dir/Drivers/STM32F1xx_HAL_Driver/Src/stm32f1xx_hal_uart.c.obj
 .comment       0x00000049       0x4a CMakeFiles/RTOS_cmake.elf.dir/RTOS/bsp/board.c.obj
 .comment       0x00000049       0x4a CMakeFiles/RTOS_cmake.elf.dir/RTOS/libcpu/arm/cortex-m3/cpuport.c.obj
 .comment       0x00000049       0x4a CMakeFiles/RTOS_cmake.elf.dir/RTOS/src/clock.c.obj
 .comment       0x00000049       0x4a CMakeFiles/RTOS_cmake.elf.dir/RTOS/src/components.c.obj
 .comment       0x00000049       0x4a CMakeFiles/RTOS_cmake.elf.dir/RTOS/src/idle.c.obj
 .comment       0x00000049       0x4a CMakeFiles/RTOS_cmake.elf.dir/RTOS/src/ipc.c.obj
 .comment       0x00000049       0x4a CMakeFiles/RTOS_cmake.elf.dir/RTOS/src/irq.c.obj
 .comment       0x00000049       0x4a CMakeFiles/RTOS_cmake.elf.dir/RTOS/src/kservice.c.obj
 .comment       0x00000049       0x4a CMakeFiles/RTOS_cmake.elf.dir/RTOS/src/mem.c.obj
 .comment       0x00000049       0x4a CMakeFiles/RTOS_cmake.elf.dir/RTOS/src/object.c.obj
 .comment       0x00000049       0x4a CMakeFiles/RTOS_cmake.elf.dir/RTOS/src/scheduler.c.obj
 .comment       0x00000049       0x4a CMakeFiles/RTOS_cmake.elf.dir/RTOS/src/thread.c.obj
 .comment       0x00000049       0x4a CMakeFiles/RTOS_cmake.elf.dir/RTOS/src/timer.c.obj

.debug_frame    0x00000000     0x1d2c
 .debug_frame   0x00000000       0x30 CMakeFiles/RTOS_cmake.elf.dir/Core/Src/gpio.c.obj
 .debug_frame   0x00000030       0x68 CMakeFiles/RTOS_cmake.elf.dir/Core/Src/main.c.obj
 .debug_frame   0x00000098       0x28 CMakeFiles/RTOS_cmake.elf.dir/Core/Src/stm32f1xx_hal_msp.c.obj
 .debug_frame   0x000000c0       0x70 CMakeFiles/RTOS_cmake.elf.dir/Core/Src/stm32f1xx_it.c.obj
 .debug_frame   0x00000130       0x30 CMakeFiles/RTOS_cmake.elf.dir/Core/Src/system_stm32f1xx.c.obj
 .debug_frame   0x00000160       0x60 CMakeFiles/RTOS_cmake.elf.dir/Core/Src/usart.c.obj
 .debug_frame   0x000001c0      0x1cc CMakeFiles/RTOS_cmake.elf.dir/Drivers/STM32F1xx_HAL_Driver/Src/stm32f1xx_hal.c.obj
 .debug_frame   0x0000038c      0x118 CMakeFiles/RTOS_cmake.elf.dir/Drivers/STM32F1xx_HAL_Driver/Src/stm32f1xx_hal_cortex.c.obj
 .debug_frame   0x000004a4       0xe4 CMakeFiles/RTOS_cmake.elf.dir/Drivers/STM32F1xx_HAL_Driver/Src/stm32f1xx_hal_gpio.c.obj
 .debug_frame   0x00000588      0x190 CMakeFiles/RTOS_cmake.elf.dir/Drivers/STM32F1xx_HAL_Driver/Src/stm32f1xx_hal_rcc.c.obj
 .debug_frame   0x00000718      0x5c4 CMakeFiles/RTOS_cmake.elf.dir/Drivers/STM32F1xx_HAL_Driver/Src/stm32f1xx_hal_uart.c.obj
 .debug_frame   0x00000cdc       0x9c CMakeFiles/RTOS_cmake.elf.dir/RTOS/bsp/board.c.obj
 .debug_frame   0x00000d78       0x7c CMakeFiles/RTOS_cmake.elf.dir/RTOS/libcpu/arm/cortex-m3/cpuport.c.obj
 .debug_frame   0x00000df4       0x70 CMakeFiles/RTOS_cmake.elf.dir/RTOS/src/clock.c.obj
 .debug_frame   0x00000e64       0xe4 CMakeFiles/RTOS_cmake.elf.dir/RTOS/src/components.c.obj
 .debug_frame   0x00000f48       0x74 CMakeFiles/RTOS_cmake.elf.dir/RTOS/src/idle.c.obj
 .debug_frame   0x00000fbc      0x1c4 CMakeFiles/RTOS_cmake.elf.dir/RTOS/src/ipc.c.obj
 .debug_frame   0x00001180       0x58 CMakeFiles/RTOS_cmake.elf.dir/RTOS/src/irq.c.obj
 .debug_frame   0x000011d8      0x304 CMakeFiles/RTOS_cmake.elf.dir/RTOS/src/kservice.c.obj
 .debug_frame   0x000014dc       0xe4 CMakeFiles/RTOS_cmake.elf.dir/RTOS/src/mem.c.obj
 .debug_frame   0x000015c0      0x11c CMakeFiles/RTOS_cmake.elf.dir/RTOS/src/object.c.obj
 .debug_frame   0x000016dc       0xc4 CMakeFiles/RTOS_cmake.elf.dir/RTOS/src/scheduler.c.obj
 .debug_frame   0x000017a0      0x22c CMakeFiles/RTOS_cmake.elf.dir/RTOS/src/thread.c.obj
 .debug_frame   0x000019cc      0x174 CMakeFiles/RTOS_cmake.elf.dir/RTOS/src/timer.c.obj
 .debug_frame   0x00001b40       0x2c e:/paopaozhipath/gcc-arm-none-eabi-10.3-2021.10/bin/../lib/gcc/arm-none-eabi/10.3.1/../../../../arm-none-eabi/lib/thumb/v7-m/nofp\libg.a(lib_a-init.o)
 .debug_frame   0x00001b6c       0x2c e:/paopaozhipath/gcc-arm-none-eabi-10.3-2021.10/bin/../lib/gcc/arm-none-eabi/10.3.1/../../../../arm-none-eabi/lib/thumb/v7-m/nofp\libg.a(lib_a-memset.o)
 .debug_frame   0x00001b98       0x5c e:/paopaozhipath/gcc-arm-none-eabi-10.3-2021.10/bin/../lib/gcc/arm-none-eabi/10.3.1/../../../../arm-none-eabi/lib/thumb/v7-m/nofp\libg.a(lib_a-__call_atexit.o)
 .debug_frame   0x00001bf4       0x20 e:/paopaozhipath/gcc-arm-none-eabi-10.3-2021.10/bin/../lib/gcc/arm-none-eabi/10.3.1/../../../../arm-none-eabi/lib/thumb/v7-m/nofp\libg.a(lib_a-atexit.o)
 .debug_frame   0x00001c14       0x34 e:/paopaozhipath/gcc-arm-none-eabi-10.3-2021.10/bin/../lib/gcc/arm-none-eabi/10.3.1/../../../../arm-none-eabi/lib/thumb/v7-m/nofp\libg.a(lib_a-fini.o)
 .debug_frame   0x00001c48       0xb0 e:/paopaozhipath/gcc-arm-none-eabi-10.3-2021.10/bin/../lib/gcc/arm-none-eabi/10.3.1/../../../../arm-none-eabi/lib/thumb/v7-m/nofp\libg.a(lib_a-lock.o)
 .debug_frame   0x00001cf8       0x34 e:/paopaozhipath/gcc-arm-none-eabi-10.3-2021.10/bin/../lib/gcc/arm-none-eabi/10.3.1/../../../../arm-none-eabi/lib/thumb/v7-m/nofp\libg.a(lib_a-__atexit.o)

.debug_loc      0x00000000     0x810e
 .debug_loc     0x00000000       0x8f CMakeFiles/RTOS_cmake.elf.dir/Core/Src/main.c.obj
 .debug_loc     0x0000008f       0x15 CMakeFiles/RTOS_cmake.elf.dir/Core/Src/stm32f1xx_hal_msp.c.obj
 .debug_loc     0x000000a4       0xff CMakeFiles/RTOS_cmake.elf.dir/Core/Src/system_stm32f1xx.c.obj
 .debug_loc     0x000001a3       0x84 CMakeFiles/RTOS_cmake.elf.dir/Core/Src/usart.c.obj
 .debug_loc     0x00000227      0x141 CMakeFiles/RTOS_cmake.elf.dir/Drivers/STM32F1xx_HAL_Driver/Src/stm32f1xx_hal.c.obj
 .debug_loc     0x00000368      0x71f CMakeFiles/RTOS_cmake.elf.dir/Drivers/STM32F1xx_HAL_Driver/Src/stm32f1xx_hal_cortex.c.obj
 .debug_loc     0x00000a87      0x47d CMakeFiles/RTOS_cmake.elf.dir/Drivers/STM32F1xx_HAL_Driver/Src/stm32f1xx_hal_gpio.c.obj
 .debug_loc     0x00000f04      0x63e CMakeFiles/RTOS_cmake.elf.dir/Drivers/STM32F1xx_HAL_Driver/Src/stm32f1xx_hal_rcc.c.obj
 .debug_loc     0x00001542     0x2037 CMakeFiles/RTOS_cmake.elf.dir/Drivers/STM32F1xx_HAL_Driver/Src/stm32f1xx_hal_uart.c.obj
 .debug_loc     0x00003579       0x3c CMakeFiles/RTOS_cmake.elf.dir/RTOS/bsp/board.c.obj
 .debug_loc     0x000035b5      0x17a CMakeFiles/RTOS_cmake.elf.dir/RTOS/libcpu/arm/cortex-m3/cpuport.c.obj
 .debug_loc     0x0000372f       0xdc CMakeFiles/RTOS_cmake.elf.dir/RTOS/src/clock.c.obj
 .debug_loc     0x0000380b       0x9c CMakeFiles/RTOS_cmake.elf.dir/RTOS/src/components.c.obj
 .debug_loc     0x000038a7       0x9a CMakeFiles/RTOS_cmake.elf.dir/RTOS/src/idle.c.obj
 .debug_loc     0x00003941      0xd5f CMakeFiles/RTOS_cmake.elf.dir/RTOS/src/ipc.c.obj
 .debug_loc     0x000046a0       0x61 CMakeFiles/RTOS_cmake.elf.dir/RTOS/src/irq.c.obj
 .debug_loc     0x00004701     0x18ee CMakeFiles/RTOS_cmake.elf.dir/RTOS/src/kservice.c.obj
 .debug_loc     0x00005fef      0x5b7 CMakeFiles/RTOS_cmake.elf.dir/RTOS/src/mem.c.obj
 .debug_loc     0x000065a6      0x666 CMakeFiles/RTOS_cmake.elf.dir/RTOS/src/object.c.obj
 .debug_loc     0x00006c0c      0x22b CMakeFiles/RTOS_cmake.elf.dir/RTOS/src/scheduler.c.obj
 .debug_loc     0x00006e37      0x9f6 CMakeFiles/RTOS_cmake.elf.dir/RTOS/src/thread.c.obj
 .debug_loc     0x0000782d      0x8e1 CMakeFiles/RTOS_cmake.elf.dir/RTOS/src/timer.c.obj
